Component: ARM Compiler 5.06 update 6 (build 750) Tool: armlink [4d35ed]

==============================================================================

Section Cross References

    startup_stm32f407xx.o(RESET) refers to startup_stm32f407xx.o(STACK) for __initial_sp
    startup_stm32f407xx.o(RESET) refers to startup_stm32f407xx.o(.text) for Reset_Handler
    startup_stm32f407xx.o(RESET) refers to stm32f4xx_it.o(i.NMI_Handler) for NMI_Handler
    startup_stm32f407xx.o(RESET) refers to stm32f4xx_it.o(i.HardFault_Handler) for HardFault_Handler
    startup_stm32f407xx.o(RESET) refers to stm32f4xx_it.o(i.MemManage_Handler) for MemManage_Handler
    startup_stm32f407xx.o(RESET) refers to stm32f4xx_it.o(i.BusFault_Handler) for BusFault_Handler
    startup_stm32f407xx.o(RESET) refers to stm32f4xx_it.o(i.UsageFault_Handler) for UsageFault_Handler
    startup_stm32f407xx.o(RESET) refers to port.o(.emb_text) for SVC_Handler
    startup_stm32f407xx.o(RESET) refers to stm32f4xx_it.o(i.DebugMon_Handler) for DebugMon_Handler
    startup_stm32f407xx.o(RESET) refers to port.o(i.SysTick_Handler) for SysTick_Handler
    startup_stm32f407xx.o(RESET) refers to stm32f4xx_it.o(i.DMA1_Stream1_IRQHandler) for DMA1_Stream1_IRQHandler
    startup_stm32f407xx.o(RESET) refers to stm32f4xx_it.o(i.DMA1_Stream3_IRQHandler) for DMA1_Stream3_IRQHandler
    startup_stm32f407xx.o(RESET) refers to stm32f4xx_it.o(i.CAN1_RX0_IRQHandler) for CAN1_RX0_IRQHandler
    startup_stm32f407xx.o(RESET) refers to stm32f4xx_it.o(i.TIM1_UP_TIM10_IRQHandler) for TIM1_UP_TIM10_IRQHandler
    startup_stm32f407xx.o(RESET) refers to stm32f4xx_it.o(i.TIM2_IRQHandler) for TIM2_IRQHandler
    startup_stm32f407xx.o(RESET) refers to stm32f4xx_it.o(i.USART1_IRQHandler) for USART1_IRQHandler
    startup_stm32f407xx.o(RESET) refers to stm32f4xx_it.o(i.USART3_IRQHandler) for USART3_IRQHandler
    startup_stm32f407xx.o(RESET) refers to stm32f4xx_it.o(i.DMA2_Stream1_IRQHandler) for DMA2_Stream1_IRQHandler
    startup_stm32f407xx.o(RESET) refers to stm32f4xx_it.o(i.DMA2_Stream2_IRQHandler) for DMA2_Stream2_IRQHandler
    startup_stm32f407xx.o(RESET) refers to stm32f4xx_it.o(i.CAN2_RX0_IRQHandler) for CAN2_RX0_IRQHandler
    startup_stm32f407xx.o(RESET) refers to stm32f4xx_it.o(i.DMA2_Stream6_IRQHandler) for DMA2_Stream6_IRQHandler
    startup_stm32f407xx.o(RESET) refers to stm32f4xx_it.o(i.DMA2_Stream7_IRQHandler) for DMA2_Stream7_IRQHandler
    startup_stm32f407xx.o(RESET) refers to stm32f4xx_it.o(i.USART6_IRQHandler) for USART6_IRQHandler
    startup_stm32f407xx.o(.text) refers to system_stm32f4xx.o(i.SystemInit) for SystemInit
    startup_stm32f407xx.o(.text) refers to entry.o(.ARM.Collect$$$$00000000) for __main
    main.o(i.HAL_TIM_PeriodElapsedCallback) refers to stm32f4xx_hal.o(i.HAL_IncTick) for HAL_IncTick
    main.o(i.SystemClock_Config) refers to memseta.o(.text) for __aeabi_memclr4
    main.o(i.SystemClock_Config) refers to stm32f4xx_hal_rcc.o(i.HAL_RCC_OscConfig) for HAL_RCC_OscConfig
    main.o(i.SystemClock_Config) refers to main.o(i.Error_Handler) for Error_Handler
    main.o(i.SystemClock_Config) refers to stm32f4xx_hal_rcc.o(i.HAL_RCC_ClockConfig) for HAL_RCC_ClockConfig
    main.o(i.main) refers to stm32f4xx_hal.o(i.HAL_Init) for HAL_Init
    main.o(i.main) refers to main.o(i.SystemClock_Config) for SystemClock_Config
    main.o(i.main) refers to gpio.o(i.MX_GPIO_Init) for MX_GPIO_Init
    main.o(i.main) refers to dma.o(i.MX_DMA_Init) for MX_DMA_Init
    main.o(i.main) refers to can.o(i.MX_CAN1_Init) for MX_CAN1_Init
    main.o(i.main) refers to can.o(i.MX_CAN2_Init) for MX_CAN2_Init
    main.o(i.main) refers to spi.o(i.MX_SPI1_Init) for MX_SPI1_Init
    main.o(i.main) refers to usart.o(i.MX_USART1_UART_Init) for MX_USART1_UART_Init
    main.o(i.main) refers to usart.o(i.MX_USART3_UART_Init) for MX_USART3_UART_Init
    main.o(i.main) refers to usart.o(i.MX_USART6_UART_Init) for MX_USART6_UART_Init
    main.o(i.main) refers to tim.o(i.MX_TIM4_Init) for MX_TIM4_Init
    main.o(i.main) refers to tim.o(i.MX_TIM10_Init) for MX_TIM10_Init
    main.o(i.main) refers to tim.o(i.MX_TIM3_Init) for MX_TIM3_Init
    main.o(i.main) refers to tim.o(i.MX_TIM1_Init) for MX_TIM1_Init
    main.o(i.main) refers to all_task.o(i.base_Init) for base_Init
    main.o(i.main) refers to all_task.o(i.task_Init) for task_Init
    main.o(i.main) refers to freertos.o(i.MX_FREERTOS_Init) for MX_FREERTOS_Init
    main.o(i.main) refers to cmsis_os.o(i.osKernelStart) for osKernelStart
    gpio.o(i.MX_GPIO_Init) refers to memseta.o(.text) for __aeabi_memclr4
    gpio.o(i.MX_GPIO_Init) refers to stm32f4xx_hal_gpio.o(i.HAL_GPIO_WritePin) for HAL_GPIO_WritePin
    gpio.o(i.MX_GPIO_Init) refers to stm32f4xx_hal_gpio.o(i.HAL_GPIO_Init) for HAL_GPIO_Init
    freertos.o(i.MX_FREERTOS_Init) refers to memcpya.o(.text) for __aeabi_memcpy4
    freertos.o(i.MX_FREERTOS_Init) refers to cmsis_os.o(i.osThreadCreate) for osThreadCreate
[...]
    prvCopyDataFromQueue                     0x08005779   Thumb Code    42  queue.o(i.prvCopyDataFromQueue)
    i.prvCopyDataToQueue                     0x080057a2   Section        0  queue.o(i.prvCopyDataToQueue)
    prvCopyDataToQueue                       0x080057a3   Thumb Code   126  queue.o(i.prvCopyDataToQueue)
    i.prvDeleteTCB                           0x08005820   Section        0  tasks.o(i.prvDeleteTCB)
    prvDeleteTCB                             0x08005821   Thumb Code    80  tasks.o(i.prvDeleteTCB)
    i.prvGetNextExpireTime                   0x08005870   Section        0  timers.o(i.prvGetNextExpireTime)
    prvGetNextExpireTime                     0x08005871   Thumb Code    36  timers.o(i.prvGetNextExpireTime)
    i.prvHeapInit                            0x08005898   Section        0  heap_4.o(i.prvHeapInit)
    prvHeapInit                              0x08005899   Thumb Code    98  heap_4.o(i.prvHeapInit)
    i.prvIdleTask                            0x08005914   Section        0  tasks.o(i.prvIdleTask)
    prvIdleTask                              0x08005915   Thumb Code    32  tasks.o(i.prvIdleTask)
    i.prvInitialiseNewQueue                  0x0800593c   Section        0  queue.o(i.prvInitialiseNewQueue)
    prvInitialiseNewQueue                    0x0800593d   Thumb Code    38  queue.o(i.prvInitialiseNewQueue)
    i.prvInitialiseNewTask                   0x08005962   Section        0  tasks.o(i.prvInitialiseNewTask)
    prvInitialiseNewTask                     0x08005963   Thumb Code   180  tasks.o(i.prvInitialiseNewTask)
    i.prvInitialiseTaskLists                 0x08005a18   Section        0  tasks.o(i.prvInitialiseTaskLists)
    prvInitialiseTaskLists                   0x08005a19   Thumb Code    70  tasks.o(i.prvInitialiseTaskLists)
    i.prvInsertBlockIntoFreeList             0x08005a80   Section        0  heap_4.o(i.prvInsertBlockIntoFreeList)
    prvInsertBlockIntoFreeList               0x08005a81   Thumb Code    96  heap_4.o(i.prvInsertBlockIntoFreeList)
    i.prvInsertTimerInActiveList             0x08005ae8   Section        0  timers.o(i.prvInsertTimerInActiveList)
    prvInsertTimerInActiveList               0x08005ae9   Thumb Code    80  timers.o(i.prvInsertTimerInActiveList)
    i.prvIsQueueEmpty                        0x08005b40   Section        0  queue.o(i.prvIsQueueEmpty)
    prvIsQueueEmpty                          0x08005b41   Thumb Code    26  queue.o(i.prvIsQueueEmpty)
    i.prvIsQueueFull                         0x08005b5a   Section        0  queue.o(i.prvIsQueueFull)
    prvIsQueueFull                           0x08005b5b   Thumb Code    30  queue.o(i.prvIsQueueFull)
    i.prvProcessExpiredTimer                 0x08005b78   Section        0  timers.o(i.prvProcessExpiredTimer)
    prvProcessExpiredTimer                   0x08005b79   Thumb Code   110  timers.o(i.prvProcessExpiredTimer)
    i.prvProcessReceivedCommands             0x08005bec   Section        0  timers.o(i.prvProcessReceivedCommands)
    prvProcessReceivedCommands               0x08005bed   Thumb Code   308  timers.o(i.prvProcessReceivedCommands)
    i.prvProcessTimerOrBlockTask             0x08005d24   Section        0  timers.o(i.prvProcessTimerOrBlockTask)
    prvProcessTimerOrBlockTask               0x08005d25   Thumb Code   102  timers.o(i.prvProcessTimerOrBlockTask)
    i.prvResetNextTaskUnblockTime            0x08005d98   Section        0  tasks.o(i.prvResetNextTaskUnblockTime)
    prvResetNextTaskUnblockTime              0x08005d99   Thumb Code    42  tasks.o(i.prvResetNextTaskUnblockTime)
    i.prvSampleTimeNow                       0x08005dcc   Section        0  timers.o(i.prvSampleTimeNow)
    prvSampleTimeNow                         0x08005dcd   Thumb Code    40  timers.o(i.prvSampleTimeNow)
    i.prvSwitchTimerLists                    0x08005df8   Section        0  timers.o(i.prvSwitchTimerLists)
    prvSwitchTimerLists                      0x08005df9   Thumb Code   154  timers.o(i.prvSwitchTimerLists)
    i.prvTaskExitError                       0x08005e9c   Section        0  port.o(i.prvTaskExitError)
    prvTaskExitError                         0x08005e9d   Thumb Code    60  port.o(i.prvTaskExitError)
    i.prvTimerTask                           0x08005edc   Section        0  timers.o(i.prvTimerTask)
    prvTimerTask                             0x08005edd   Thumb Code    26  timers.o(i.prvTimerTask)
    i.prvUnlockQueue                         0x08005ef6   Section        0  queue.o(i.prvUnlockQueue)
    prvUnlockQueue                           0x08005ef7   Thumb Code   126  queue.o(i.prvUnlockQueue)
    i.pvPortMalloc                           0x08005f74   Section        0  heap_4.o(i.pvPortMalloc)
    i.pxPortInitialiseStack                  0x080060c0   Section        0  port.o(i.pxPortInitialiseStack)
    i.speed_change                           0x080060ec   Section        0  led.o(i.speed_change)
    i.task_Init                              0x08006144   Section        0  all_task.o(i.task_Init)
    i.uxListRemove                           0x0800614c   Section        0  list.o(i.uxListRemove)
    i.vApplicationGetIdleTaskMemory          0x08006174   Section        0  freertos.o(i.vApplicationGetIdleTaskMemory)
    i.vApplicationGetTimerTaskMemory         0x0800618c   Section        0  freertos.o(i.vApplicationGetTimerTaskMemory)
    i.vListInitialise                        0x080061a4   Section        0  list.o(i.vListInitialise)
    i.vListInitialiseItem                    0x080061be   Section        0  list.o(i.vListInitialiseItem)
    i.vListInsert                            0x080061c4   Section        0  list.o(i.vListInsert)
    i.vListInsertEnd                         0x080061f8   Section        0  list.o(i.vListInsertEnd)
    i.vPortEnterCritical                     0x08006210   Section        0  port.o(i.vPortEnterCritical)
    i.vPortExitCritical                      0x08006264   Section        0  port.o(i.vPortExitCritical)
    i.vPortFree                              0x080062a0   Section        0  heap_4.o(i.vPortFree)
    i.vPortSetupTimerInterrupt               0x08006344   Section        0  port.o(i.vPortSetupTimerInterrupt)
    i.vPortValidateInterruptPriority         0x0800636c   Section        0  port.o(i.vPortValidateInterruptPriority)
    i.vQueueAddToRegistry                    0x080063e4   Section        0  queue.o(i.vQueueAddToRegistry)
    i.vQueueWaitForMessageRestricted         0x08006410   Section        0  queue.o(i.vQueueWaitForMessageRestricted)
    i.vTaskDelay                             0x0800645c   Section        0  tasks.o(i.vTaskDelay)
    i.vTaskInternalSetTimeOutState           0x080064b8   Section        0  tasks.o(i.vTaskInternalSetTimeOutState)
    i.vTaskMissedYield                       0x080064d0   Section        0  tasks.o(i.vTaskMissedYield)
    i.vTaskPlaceOnEventList                  0x080064dc   Section        0  tasks.o(i.vTaskPlaceOnEventList)
    i.vTaskPlaceOnEventListRestricted        0x08006514   Section        0  tasks.o(i.vTaskPlaceOnEventListRestricted)
    i.vTaskStartScheduler                    0x08006554   Section        0  tasks.o(i.vTaskStartScheduler)
    i.vTaskSuspendAll                        0x0800660c   Section        0  tasks.o(i.vTaskSuspendAll)
    i.vTaskSwitchContext                     0x0800661c   Section        0  tasks.o(i.vTaskSwitchContext)
    i.xPortStartScheduler                    0x080066a8   Section        0  port.o(i.xPortStartScheduler)
    i.xQueueGenericCreateStatic              0x08006810   Section        0  queue.o(i.xQueueGenericCreateStatic)
    i.xQueueGenericReset                     0x080068f0   Section        0  queue.o(i.xQueueGenericReset)
    i.xQueueGenericSend                      0x08006988   Section        0  queue.o(i.xQueueGenericSend)
    i.xQueueGenericSendFromISR               0x08006b30   Section        0  queue.o(i.xQueueGenericSendFromISR)
    i.xQueueReceive                          0x08006c2c   Section        0  queue.o(i.xQueueReceive)
    i.xTaskCheckForTimeOut                   0x08006d94   Section        0  tasks.o(i.xTaskCheckForTimeOut)
    i.xTaskCreate                            0x08006e20   Section        0  tasks.o(i.xTaskCreate)
    i.xTaskCreateStatic                      0x08006e84   Section        0  tasks.o(i.xTaskCreateStatic)
    i.xTaskGetSchedulerState                 0x08006f40   Section        0  tasks.o(i.xTaskGetSchedulerState)
    i.xTaskGetTickCount                      0x08006f60   Section        0  tasks.o(i.xTaskGetTickCount)
    i.xTaskIncrementTick                     0x08006f6c   Section        0  tasks.o(i.xTaskIncrementTick)
    i.xTaskPriorityDisinherit                0x080070b4   Section        0  tasks.o(i.xTaskPriorityDisinherit)
    i.xTaskRemoveFromEventList               0x0800717c   Section        0  tasks.o(i.xTaskRemoveFromEventList)
    i.xTaskResumeAll                         0x08007214   Section        0  tasks.o(i.xTaskResumeAll)
    i.xTimerCreateTimerTask                  0x08007318   Section        0  timers.o(i.xTimerCreateTimerTask)
    i.xTimerGenericCommand                   0x08007390   Section        0  timers.o(i.xTimerGenericCommand)
    .constdata                               0x08007414   Section      112  freertos.o(.constdata)
    .constdata                               0x08007484   Section        8  stm32f4xx_hal_dma.o(.constdata)
    flagBitshiftOffset                       0x08007484   Data           8  stm32f4xx_hal_dma.o(.constdata)
    .constdata                               0x0800748c   Section       24  system_stm32f4xx.o(.constdata)
    .conststring                             0x080074a4   Section       48  freertos.o(.conststring)
    .data                                    0x20000000   Section       24  freertos.o(.data)
    .data                                    0x20000018   Section        4  can.o(.data)
    HAL_RCC_CAN1_CLK_ENABLED                 0x20000018   Data           4  can.o(.data)
    .data                                    0x2000001c   Section        9  stm32f4xx_hal.o(.data)
    .data                                    0x20000028   Section        4  system_stm32f4xx.o(.data)
    .data                                    0x2000002c   Section       60  tasks.o(.data)
    pxDelayedTaskList                        0x20000030   Data           4  tasks.o(.data)
    pxOverflowDelayedTaskList                0x20000034   Data           4  tasks.o(.data)
    uxDeletedTasksWaitingCleanUp             0x20000038   Data           4  tasks.o(.data)
    uxCurrentNumberOfTasks                   0x2000003c   Data           4  tasks.o(.data)
    xTickCount                               0x20000040   Data           4  tasks.o(.data)
    uxTopReadyPriority                       0x20000044   Data           4  tasks.o(.data)
    xSchedulerRunning                        0x20000048   Data           4  tasks.o(.data)
    xPendedTicks                             0x2000004c   Data           4  tasks.o(.data)
    xYieldPending                            0x20000050   Data           4  tasks.o(.data)
    xNumOfOverflows                          0x20000054   Data           4  tasks.o(.data)
    uxTaskNumber                             0x20000058   Data           4  tasks.o(.data)
    xNextTaskUnblockTime                     0x2000005c   Data           4  tasks.o(.data)
    xIdleTaskHandle                          0x20000060   Data           4  tasks.o(.data)
    uxSchedulerSuspended                     0x20000064   Data           4  tasks.o(.data)
    .data                                    0x20000068   Section       20  timers.o(.data)
    pxCurrentTimerList                       0x20000068   Data           4  timers.o(.data)
    pxOverflowTimerList                      0x2000006c   Data           4  timers.o(.data)
    xTimerQueue                              0x20000070   Data           4  timers.o(.data)
    xTimerTaskHandle                         0x20000074   Data           4  timers.o(.data)
    xLastTime                                0x20000078   Data           4  timers.o(.data)
    .data                                    0x2000007c   Section       32  heap_4.o(.data)
    xStart                                   0x2000007c   Data           8  heap_4.o(.data)
    pxEnd                                    0x20000084   Data           4  heap_4.o(.data)
    xFreeBytesRemaining                      0x20000088   Data           4  heap_4.o(.data)
    xMinimumEverFreeBytesRemaining           0x2000008c   Data           4  heap_4.o(.data)
    xNumberOfSuccessfulAllocations           0x20000090   Data           4  heap_4.o(.data)
    xNumberOfSuccessfulFrees                 0x20000094   Data           4  heap_4.o(.data)
    xBlockAllocatedBit                       0x20000098   Data           4  heap_4.o(.data)
    .data                                    0x2000009c   Section       12  port.o(.data)
    uxCriticalNesting                        0x2000009c   Data           4  port.o(.data)
    ucMaxSysCallPriority                     0x200000a0   Data           1  port.o(.data)
    ulMaxPRIGROUPValue                       0x200000a4   Data           4  port.o(.data)
    .data                                    0x200000a8   Section       16  bsp_can.o(.data)
    .data                                    0x200000b8   Section      116  led.o(.data)
    .data                                    0x2000012c   Section        4  rand.o(.data)
    _rand_state                              0x2000012c   Data           4  rand.o(.data)
    .bss                                     0x20000130   Section     1704  freertos.o(.bss)
    xIdleTaskTCBBuffer                       0x20000130   Data          84  freertos.o(.bss)
    xIdleStack                               0x20000184   Data         512  freertos.o(.bss)
    xTimerTaskTCBBuffer                      0x20000384   Data          84  freertos.o(.bss)
    xTimerStack                              0x200003d8   Data        1024  freertos.o(.bss)
    .bss                                     0x200007d8   Section       80  can.o(.bss)
    .bss                                     0x20000828   Section       88  spi.o(.bss)
    .bss                                     0x20000880   Section      288  tim.o(.bss)
    .bss                                     0x200009a0   Section      780  usart.o(.bss)
    .bss                                     0x20000cac   Section       72  stm32f4xx_hal_timebase_tim.o(.bss)
    .bss                                     0x20000cf4   Section       64  queue.o(.bss)
    .bss                                     0x20000d34   Section      240  tasks.o(.bss)
    pxReadyTasksLists                        0x20000d34   Data         140  tasks.o(.bss)
    xDelayedTaskList1                        0x20000dc0   Data          20  tasks.o(.bss)
    xDelayedTaskList2                        0x20000dd4   Data          20  tasks.o(.bss)
    xPendingReadyList                        0x20000de8   Data          20  tasks.o(.bss)
    xTasksWaitingTermination                 0x20000dfc   Data          20  tasks.o(.bss)
    xSuspendedTaskList                       0x20000e10   Data          20  tasks.o(.bss)
    .bss                                     0x20000e24   Section      232  timers.o(.bss)
    xActiveTimerList1                        0x20000e24   Data          20  timers.o(.bss)
    xActiveTimerList2                        0x20000e38   Data          20  timers.o(.bss)
    xStaticTimerQueue                        0x20000e4c   Data          72  timers.o(.bss)
    ucStaticTimerQueueStorage                0x20000e94   Data         120  timers.o(.bss)
    .bss                                     0x20000f0c   Section    15360  heap_4.o(.bss)
    ucHeap                                   0x20000f0c   Data       15360  heap_4.o(.bss)
    .bss                                     0x20004b0c   Section       88  bsp_can.o(.bss)
    .bss                                     0x20004b64   Section      100  bsp_usart.o(.bss)
    .bss                                     0x20004bc8   Section       26  remote_control.o(.bss)
    .bss                                     0x20004be4   Section     2304  pid.o(.bss)
    .bss                                     0x200054e4   Section       68  led.o(.bss)
    STACK                                    0x20005528   Section     1024  startup_stm32f407xx.o(STACK)

    Global Symbols

    Symbol Name                              Value     Ov Type        Size  Object(Section)

    BuildAttributes$$THM_ISAv4$E$P$D$K$B$S$7EM$VFPi3$EXTD16$VFPS$VFMA$PE$A:L22UL41UL21$X:L11$S22US41US21$IEEE1$IW$USESV6$~STKCKD$USESV7$~SHL$OTIME$ROPI$IEEEJ$EBA8$MICROLIB$REQ8$PRES8$EABIv2 0x00000000   Number         0  anon$$obj.o ABSOLUTE
    __ARM_use_no_argv                        0x00000000   Number         0  main.o ABSOLUTE
    __cpp_initialize__aeabi_                  - Undefined Weak Reference
    __cxa_finalize                            - Undefined Weak Reference
    _clock_init                               - Undefined Weak Reference
    _microlib_exit                            - Undefined Weak Reference
    __Vectors_Size                           0x00000188   Number         0  startup_stm32f407xx.o ABSOLUTE
    __Vectors                                0x08000000   Data           4  startup_stm32f407xx.o(RESET)
    __Vectors_End                            0x08000188   Data           0  startup_stm32f407xx.o(RESET)
    __main                                   0x08000189   Thumb Code     0  entry.o(.ARM.Collect$$$$00000000)
    _main_stk                                0x08000189   Thumb Code     0  entry2.o(.ARM.Collect$$$$00000001)
    _main_scatterload                        0x0800018d   Thumb Code     0  entry5.o(.ARM.Collect$$$$00000004)
    __main_after_scatterload                 0x08000191   Thumb Code     0  entry5.o(.ARM.Collect$$$$00000004)
    _main_clock                              0x08000191   Thumb Code     0  entry7b.o(.ARM.Collect$$$$00000008)
    _main_cpp_init                           0x08000191   Thumb Code     0  entry8b.o(.ARM.Collect$$$$0000000A)
    _main_init                               0x08000191   Thumb Code     0  entry9a.o(.ARM.Collect$$$$0000000B)
    __rt_final_cpp                           0x08000199   Thumb Code     0  entry10a.o(.ARM.Collect$$$$0000000D)
    __rt_final_exit                          0x08000199   Thumb Code     0  entry11a.o(.ARM.Collect$$$$0000000F)
    SVC_Handler                              0x0800019d   Thumb Code    28  port.o(.emb_text)
    __asm___6_port_c_39a90d8d__prvStartFirstTask 0x080001bd   Thumb Code    36  port.o(.emb_text)
    __asm___6_port_c_39a90d8d__prvEnableVFP  0x080001e5   Thumb Code    16  port.o(.emb_text)
    PendSV_Handler                           0x080001f9   Thumb Code    88  port.o(.emb_text)
    vPortGetIPSR                             0x08000255   Thumb Code     6  port.o(.emb_text)
    Reset_Handler                            0x0800025d   Thumb Code     8  startup_stm32f407xx.o(.text)
    ADC_IRQHandler                           0x08000277   Thumb Code     0  startup_stm32f407xx.o(.text)
    CAN1_RX1_IRQHandler                      0x08000277   Thumb Code     0  startup_stm32f407xx.o(.text)
    CAN1_SCE_IRQHandler                      0x08000277   Thumb Code     0  startup_stm32f407xx.o(.text)
    CAN1_TX_IRQHandler                       0x08000277   Thumb Code     0  startup_stm32f407xx.o(.text)
    CAN2_RX1_IRQHandler                      0x08000277   Thumb Code     0  startup_stm32f407xx.o(.text)
    CAN2_SCE_IRQHandler                      0x08000277   Thumb Code     0  startup_stm32f407xx.o(.text)
    CAN2_TX_IRQHandler                       0x08000277   Thumb Code     0  startup_stm32f407xx.o(.text)
    DCMI_IRQHandler                          0x08000277   Thumb Code     0  startup_stm32f407xx.o(.text)
    DMA1_Stream0_IRQHandler                  0x08000277   Thumb Code     0  startup_stm32f407xx.o(.text)
    DMA1_Stream2_IRQHandler                  0x08000277   Thumb Code     0  startup_stm32f407xx.o(.text)
    DMA1_Stream4_IRQHandler                  0x08000277   Thumb Code     0  startup_stm32f407xx.o(.text)
    DMA1_Stream5_IRQHandler                  0x08000277   Thumb Code     0  startup_stm32f407xx.o(.text)
    DMA1_Stream6_IRQHandler                  0x08000277   Thumb Code     0  startup_stm32f407xx.o(.text)
    DMA1_Stream7_IRQHandler                  0x08000277   Thumb Code     0  startup_stm32f407xx.o(.text)
    DMA2_Stream0_IRQHandler                  0x08000277   Thumb Code     0  startup_stm32f407xx.o(.text)
    DMA2_Stream3_IRQHandler                  0x08000277   Thumb Code     0  startup_stm32f407xx.o(.text)
    DMA2_Stream4_IRQHandler                  0x08000277   Thumb Code     0  startup_stm32f407xx.o(.text)
    DMA2_Stream5_IRQHandler                  0x08000277   Thumb Code     0  startup_stm32f407xx.o(.text)
    ETH_IRQHandler                           0x08000277   Thumb Code     0  startup_stm32f407xx.o(.text)
    ETH_WKUP_IRQHandler                      0x08000277   Thumb Code     0  startup_stm32f407xx.o(.text)
    EXTI0_IRQHandler                         0x08000277   Thumb Code     0  startup_stm32f407xx.o(.text)
    EXTI15_10_IRQHandler                     0x08000277   Thumb Code     0  startup_stm32f407xx.o(.text)
    EXTI1_IRQHandler                         0x08000277   Thumb Code     0  startup_stm32f407xx.o(.text)
    EXTI2_IRQHandler                         0x08000277   Thumb Code     0  startup_stm32f407xx.o(.text)
    EXTI3_IRQHandler                         0x08000277   Thumb Code     0  startup_stm32f407xx.o(.text)
    EXTI4_IRQHandler                         0x08000277   Thumb Code     0  startup_stm32f407xx.o(.text)
    EXTI9_5_IRQHandler                       0x08000277   Thumb Code     0  startup_stm32f407xx.o(.text)
    FLASH_IRQHandler                         0x08000277   Thumb Code     0  startup_stm32f407xx.o(.text)
    FMC_IRQHandler                           0x08000277   Thumb Code     0  startup_stm32f407xx.o(.text)
    FPU_IRQHandler                           0x08000277   Thumb Code     0  startup_stm32f407xx.o(.text)
    HASH_RNG_IRQHandler                      0x08000277   Thumb Code     0  startup_stm32f407xx.o(.text)
    I2C1_ER_IRQHandler                       0x08000277   Thumb Code     0  startup_stm32f407xx.o(.text)
    I2C1_EV_IRQHandler                       0x08000277   Thumb Code     0  startup_stm32f407xx.o(.text)
    I2C2_ER_IRQHandler                       0x08000277   Thumb Code     0  startup_stm32f407xx.o(.text)
    I2C2_EV_IRQHandler                       0x08000277   Thumb Code     0  startup_stm32f407xx.o(.text)
    I2C3_ER_IRQHandler                       0x08000277   Thumb Code     0  startup_stm32f407xx.o(.text)
    I2C3_EV_IRQHandler                       0x08000277   Thumb Code     0  startup_stm32f407xx.o(.text)
    OTG_FS_IRQHandler                        0x08000277   Thumb Code     0  startup_stm32f407xx.o(.text)
    OTG_FS_WKUP_IRQHandler                   0x08000277   Thumb Code     0  startup_stm32f407xx.o(.text)
    OTG_HS_EP1_IN_IRQHandler                 0x08000277   Thumb Code     0  startup_stm32f407xx.o(.text)
    OTG_HS_EP1_OUT_IRQHandler                0x08000277   Thumb Code     0  startup_stm32f407xx.o(.text)
    OTG_HS_IRQHandler                        0x08000277   Thumb Code     0  startup_stm32f407xx.o(.text)
    OTG_HS_WKUP_IRQHandler                   0x08000277   Thumb Code     0  startup_stm32f407xx.o(.text)
    PVD_IRQHandler                           0x08000277   Thumb Code     0  startup_stm32f407xx.o(.text)
    RCC_IRQHandler                           0x08000277   Thumb Code     0  startup_stm32f407xx.o(.text)
    RTC_Alarm_IRQHandler                     0x08000277   Thumb Code     0  startup_stm32f407xx.o(.text)
    RTC_WKUP_IRQHandler                      0x08000277   Thumb Code     0  startup_stm32f407xx.o(.text)
    SDIO_IRQHandler                          0x08000277   Thumb Code     0  startup_stm32f407xx.o(.text)
    SPI1_IRQHandler                          0x08000277   Thumb Code     0  startup_stm32f407xx.o(.text)
    SPI2_IRQHandler                          0x08000277   Thumb Code     0  startup_stm32f407xx.o(.text)
    SPI3_IRQHandler                          0x08000277   Thumb Code     0  startup_stm32f407xx.o(.text)
    TAMP_STAMP_IRQHandler                    0x08000277   Thumb Code     0  startup_stm32f407xx.o(.text)
    TIM1_BRK_TIM9_IRQHandler                 0x08000277   Thumb Code     0  startup_stm32f407xx.o(.text)
    TIM1_CC_IRQHandler                       0x08000277   Thumb Code     0  startup_stm32f407xx.o(.text)
    TIM1_TRG_COM_TIM11_IRQHandler            0x08000277   Thumb Code     0  startup_stm32f407xx.o(.text)
    TIM3_IRQHandler                          0x08000277   Thumb Code     0  startup_stm32f407xx.o(.text)
    TIM4_IRQHandler                          0x08000277   Thumb Code     0  startup_stm32f407xx.o(.text)
    TIM5_IRQHandler                          0x08000277   Thumb Code     0  startup_stm32f407xx.o(.text)
    TIM6_DAC_IRQHandler                      0x08000277   Thumb Code     0  startup_stm32f407xx.o(.text)
    TIM7_IRQHandler                          0x08000277   Thumb Code     0  startup_stm32f407xx.o(.text)
    TIM8_BRK_TIM12_IRQHandler                0x08000277   Thumb Code     0  startup_stm32f407xx.o(.text)
    TIM8_CC_IRQHandler                       0x08000277   Thumb Code     0  startup_stm32f407xx.o(.text)
    TIM8_TRG_COM_TIM14_IRQHandler            0x08000277   Thumb Code     0  startup_stm32f407xx.o(.text)
    TIM8_UP_TIM13_IRQHandler                 0x08000277   Thumb Code     0  startup_stm32f407xx.o(.text)
    UART4_IRQHandler                         0x08000277   Thumb Code     0  startup_stm32f407xx.o(.text)
    UART5_IRQHandler                         0x08000277   Thumb Code     0  startup_stm32f407xx.o(.text)
    USART2_IRQHandler                        0x08000277   Thumb Code     0  startup_stm32f407xx.o(.text)
    WWDG_IRQHandler                          0x08000277   Thumb Code     0  startup_stm32f407xx.o(.text)
    __aeabi_uldivmod                         0x08000281   Thumb Code    98  uldiv.o(.text)
    rand                                     0x080002e5   Thumb Code    20  rand.o(.text)
    srand                                    0x080002f9   Thumb Code     6  rand.o(.text)
    __aeabi_memcpy                           0x08000309   Thumb Code    36  memcpya.o(.text)
    __aeabi_memcpy4                          0x08000309   Thumb Code     0  memcpya.o(.text)
    __aeabi_memcpy8                          0x08000309   Thumb Code     0  memcpya.o(.text)
    __aeabi_memset                           0x0800032d   Thumb Code    14  memseta.o(.text)
    __aeabi_memset4                          0x0800032d   Thumb Code     0  memseta.o(.text)
    __aeabi_memset8                          0x0800032d   Thumb Code     0  memseta.o(.text)
    __aeabi_memclr                           0x0800033b   Thumb Code     4  memseta.o(.text)
    __aeabi_memclr4                          0x0800033b   Thumb Code     0  memseta.o(.text)
    __aeabi_memclr8                          0x0800033b   Thumb Code     0  memseta.o(.text)
    memset                                   0x0800033f   Thumb Code    18  memseta.o(.text)
    __aeabi_ui2d                             0x08000351   Thumb Code    26  dfltui.o(.text)
    __aeabi_f2d                              0x0800036b   Thumb Code    38  f2d.o(.text)
    __aeabi_cdrcmple                         0x08000391   Thumb Code    48  cdrcmple.o(.text)
    __aeabi_llsl                             0x080003c1   Thumb Code    30  llshl.o(.text)
    _ll_shift_l                              0x080003c1   Thumb Code     0  llshl.o(.text)
    __aeabi_llsr                             0x080003df   Thumb Code    32  llushr.o(.text)
    _ll_ushift_r                             0x080003df   Thumb Code     0  llushr.o(.text)
    __I$use$fp                               0x080003ff   Thumb Code     0  iusefp.o(.text)
    _double_round                            0x080003ff   Thumb Code    30  depilogue.o(.text)
    _double_epilogue                         0x0800041d   Thumb Code   156  depilogue.o(.text)
    __scatterload                            0x080004b9   Thumb Code    28  init.o(.text)
    __scatterload_rt2                        0x080004b9   Thumb Code     0  init.o(.text)
    __decompress                             0x080004dd   Thumb Code     0  __dczerorl2.o(.text)
    __decompress1                            0x080004dd   Thumb Code    86  __dczerorl2.o(.text)
    BusFault_Handler                         0x08000533   Thumb Code     4  stm32f4xx_it.o(i.BusFault_Handler)
    CAN1_FILTER_CONFIG                       0x08000539   Thumb Code    92  bsp_can.o(i.CAN1_FILTER_CONFIG)
    CAN1_RX0_IRQHandler                      0x08000599   Thumb Code    10  stm32f4xx_it.o(i.CAN1_RX0_IRQHandler)
    CAN2_FILTER_CONFIG                       0x080005a9   Thumb Code    96  bsp_can.o(i.CAN2_FILTER_CONFIG)
    CAN2_RX0_IRQHandler                      0x0800060d   Thumb Code    10  stm32f4xx_it.o(i.CAN2_RX0_IRQHandler)
    Callback_RC_Handle                       0x0800061d   Thumb Code   204  remote_control.o(i.Callback_RC_Handle)
    DMA1_Stream1_IRQHandler                  0x080006e9   Thumb Code    10  stm32f4xx_it.o(i.DMA1_Stream1_IRQHandler)
    DMA1_Stream3_IRQHandler                  0x080006f9   Thumb Code    10  stm32f4xx_it.o(i.DMA1_Stream3_IRQHandler)
    DMA2_Stream1_IRQHandler                  0x08000709   Thumb Code    10  stm32f4xx_it.o(i.DMA2_Stream1_IRQHandler)
    DMA2_Stream2_IRQHandler                  0x08000719   Thumb Code    10  stm32f4xx_it.o(i.DMA2_Stream2_IRQHandler)
    DMA2_Stream6_IRQHandler                  0x08000729   Thumb Code    10  stm32f4xx_it.o(i.DMA2_Stream6_IRQHandler)
    DMA2_Stream7_IRQHandler                  0x08000739   Thumb Code    10  stm32f4xx_it.o(i.DMA2_Stream7_IRQHandler)
    DebugMon_Handler                         0x08000853   Thumb Code     2  stm32f4xx_it.o(i.DebugMon_Handler)
    Error_Handler                            0x08000855   Thumb Code     6  main.o(i.Error_Handler)
    HAL_CAN_ActivateNotification             0x0800085b   Thumb Code    42  stm32f4xx_hal_can.o(i.HAL_CAN_ActivateNotification)
    HAL_CAN_AddTxMessage                     0x08000885   Thumb Code   342  stm32f4xx_hal_can.o(i.HAL_CAN_AddTxMessage)
    HAL_CAN_ConfigFilter                     0x080009dd   Thumb Code   286  stm32f4xx_hal_can.o(i.HAL_CAN_ConfigFilter)
    HAL_CAN_ErrorCallback                    0x08000b01   Thumb Code     2  stm32f4xx_hal_can.o(i.HAL_CAN_ErrorCallback)
    HAL_CAN_GetRxMessage                     0x08000b03   Thumb Code   378  stm32f4xx_hal_can.o(i.HAL_CAN_GetRxMessage)
    HAL_CAN_IRQHandler                       0x08000c7d   Thumb Code   590  stm32f4xx_hal_can.o(i.HAL_CAN_IRQHandler)
    HAL_CAN_Init                             0x08000ecb   Thumb Code   372  stm32f4xx_hal_can.o(i.HAL_CAN_Init)
    HAL_CAN_MspInit                          0x08001041   Thumb Code   328  can.o(i.HAL_CAN_MspInit)
    HAL_CAN_RxFifo0FullCallback              0x080011a1   Thumb Code     2  stm32f4xx_hal_can.o(i.HAL_CAN_RxFifo0FullCallback)
    HAL_CAN_RxFifo0MsgPendingCallback        0x080011a5   Thumb Code    78  bsp_can.o(i.HAL_CAN_RxFifo0MsgPendingCallback)
    HAL_CAN_RxFifo1FullCallback              0x08001211   Thumb Code     2  stm32f4xx_hal_can.o(i.HAL_CAN_RxFifo1FullCallback)
    HAL_CAN_RxFifo1MsgPendingCallback        0x08001213   Thumb Code     2  stm32f4xx_hal_can.o(i.HAL_CAN_RxFifo1MsgPendingCallback)
    HAL_CAN_SleepCallback                    0x08001215   Thumb Code     2  stm32f4xx_hal_can.o(i.HAL_CAN_SleepCallback)
    HAL_CAN_Start                            0x08001217   Thumb Code    94  stm32f4xx_hal_can.o(i.HAL_CAN_Start)
    HAL_CAN_TxMailbox0AbortCallback          0x08001275   Thumb Code     2  stm32f4xx_hal_can.o(i.HAL_CAN_TxMailbox0AbortCallback)
    HAL_CAN_TxMailbox0CompleteCallback       0x08001277   Thumb Code     2  stm32f4xx_hal_can.o(i.HAL_CAN_TxMailbox0CompleteCallback)
    HAL_CAN_TxMailbox1AbortCallback          0x08001279   Thumb Code     2  stm32f4xx_hal_can.o(i.HAL_CAN_TxMailbox1AbortCallback)
    HAL_CAN_TxMailbox1CompleteCallback       0x0800127b   Thumb Code     2  stm32f4xx_hal_can.o(i.HAL_CAN_TxMailbox1CompleteCallback)
    HAL_CAN_TxMailbox2AbortCallback          0x0800127d   Thumb Code     2  stm32f4xx_hal_can.o(i.HAL_CAN_TxMailbox2AbortCallback)
    HAL_CAN_TxMailbox2CompleteCallback       0x0800127f   Thumb Code     2  stm32f4xx_hal_can.o(i.HAL_CAN_TxMailbox2CompleteCallback)
    HAL_CAN_WakeUpFromRxMsgCallback          0x08001281   Thumb Code     2  stm32f4xx_hal_can.o(i.HAL_CAN_WakeUpFromRxMsgCallback)
    HAL_DMA_Abort                            0x08001283   Thumb Code   172  stm32f4xx_hal_dma.o(i.HAL_DMA_Abort)
    HAL_DMA_Abort_IT                         0x0800132f   Thumb Code    40  stm32f4xx_hal_dma.o(i.HAL_DMA_Abort_IT)
    HAL_DMA_IRQHandler                       0x08001359   Thumb Code   570  stm32f4xx_hal_dma.o(i.HAL_DMA_IRQHandler)
    HAL_DMA_Init                             0x08001599   Thumb Code   232  stm32f4xx_hal_dma.o(i.HAL_DMA_Init)
    HAL_DMA_Start                            0x08001685   Thumb Code   102  stm32f4xx_hal_dma.o(i.HAL_DMA_Start)
    HAL_GPIO_Init                            0x080016ed   Thumb Code   454  stm32f4xx_hal_gpio.o(i.HAL_GPIO_Init)
    HAL_GPIO_ReadPin                         0x080018e1   Thumb Code    16  stm32f4xx_hal_gpio.o(i.HAL_GPIO_ReadPin)
    HAL_GPIO_WritePin                        0x080018f1   Thumb Code    12  stm32f4xx_hal_gpio.o(i.HAL_GPIO_WritePin)
    HAL_GetTick                              0x080018fd   Thumb Code     6  stm32f4xx_hal.o(i.HAL_GetTick)
    HAL_IncTick                              0x08001909   Thumb Code    16  stm32f4xx_hal.o(i.HAL_IncTick)
    HAL_Init                                 0x08001921   Thumb Code    54  stm32f4xx_hal.o(i.HAL_Init)
    HAL_InitTick                             0x0800195d   Thumb Code   162  stm32f4xx_hal_timebase_tim.o(i.HAL_InitTick)
    HAL_MspInit                              0x08001a11   Thumb Code    78  stm32f4xx_hal_msp.o(i.HAL_MspInit)
    HAL_NVIC_EnableIRQ                       0x08001a65   Thumb Code    32  stm32f4xx_hal_cortex.o(i.HAL_NVIC_EnableIRQ)
    HAL_NVIC_SetPriority                     0x08001a85   Thumb Code   124  stm32f4xx_hal_cortex.o(i.HAL_NVIC_SetPriority)
    HAL_NVIC_SetPriorityGrouping             0x08001b01   Thumb Code    32  stm32f4xx_hal_cortex.o(i.HAL_NVIC_SetPriorityGrouping)
    HAL_RCC_ClockConfig                      0x08001b29   Thumb Code   368  stm32f4xx_hal_rcc.o(i.HAL_RCC_ClockConfig)
    HAL_RCC_GetClockConfig                   0x08001cad   Thumb Code    58  stm32f4xx_hal_rcc.o(i.HAL_RCC_GetClockConfig)
    HAL_RCC_GetHCLKFreq                      0x08001cf1   Thumb Code     6  stm32f4xx_hal_rcc.o(i.HAL_RCC_GetHCLKFreq)
    HAL_RCC_GetPCLK1Freq                     0x08001cfd   Thumb Code    22  stm32f4xx_hal_rcc.o(i.HAL_RCC_GetPCLK1Freq)
    HAL_RCC_GetPCLK2Freq                     0x08001d1d   Thumb Code    22  stm32f4xx_hal_rcc.o(i.HAL_RCC_GetPCLK2Freq)
    HAL_RCC_GetSysClockFreq                  0x08001d3d   Thumb Code   162  stm32f4xx_hal_rcc.o(i.HAL_RCC_GetSysClockFreq)
    HAL_RCC_OscConfig                        0x08001ded   Thumb Code  1172  stm32f4xx_hal_rcc.o(i.HAL_RCC_OscConfig)
    HAL_SPI_Init                             0x08002289   Thumb Code   200  stm32f4xx_hal_spi.o(i.HAL_SPI_Init)
    HAL_SPI_MspInit                          0x08002351   Thumb Code   180  spi.o(i.HAL_SPI_MspInit)
    HAL_TIMEx_BreakCallback                  0x08002415   Thumb Code     2  stm32f4xx_hal_tim_ex.o(i.HAL_TIMEx_BreakCallback)
    HAL_TIMEx_CommutCallback                 0x08002417   Thumb Code     2  stm32f4xx_hal_tim_ex.o(i.HAL_TIMEx_CommutCallback)
    HAL_TIMEx_ConfigBreakDeadTime            0x08002419   Thumb Code   116  stm32f4xx_hal_tim_ex.o(i.HAL_TIMEx_ConfigBreakDeadTime)
    HAL_TIMEx_MasterConfigSynchronization    0x0800248d   Thumb Code   150  stm32f4xx_hal_tim_ex.o(i.HAL_TIMEx_MasterConfigSynchronization)
    HAL_TIM_Base_Init                        0x08002541   Thumb Code   102  stm32f4xx_hal_tim.o(i.HAL_TIM_Base_Init)
    HAL_TIM_Base_MspInit                     0x080025a9   Thumb Code   208  tim.o(i.HAL_TIM_Base_MspInit)
    HAL_TIM_Base_Start_IT                    0x0800268d   Thumb Code   138  stm32f4xx_hal_tim.o(i.HAL_TIM_Base_Start_IT)
    HAL_TIM_ConfigClockSource                0x08002735   Thumb Code   268  stm32f4xx_hal_tim.o(i.HAL_TIM_ConfigClockSource)
    HAL_TIM_IC_CaptureCallback               0x08002841   Thumb Code     2  stm32f4xx_hal_tim.o(i.HAL_TIM_IC_CaptureCallback)
    HAL_TIM_IRQHandler                       0x08002843   Thumb Code   406  stm32f4xx_hal_tim.o(i.HAL_TIM_IRQHandler)
    HAL_TIM_MspPostInit                      0x080029d9   Thumb Code   290  tim.o(i.HAL_TIM_MspPostInit)
    HAL_TIM_OC_DelayElapsedCallback          0x08002b21   Thumb Code     2  stm32f4xx_hal_tim.o(i.HAL_TIM_OC_DelayElapsedCallback)
    HAL_TIM_PWM_ConfigChannel                0x08002b23   Thumb Code   260  stm32f4xx_hal_tim.o(i.HAL_TIM_PWM_ConfigChannel)
    HAL_TIM_PWM_Init                         0x08002c27   Thumb Code   102  stm32f4xx_hal_tim.o(i.HAL_TIM_PWM_Init)
    HAL_TIM_PWM_MspInit                      0x08002c8d   Thumb Code     2  stm32f4xx_hal_tim.o(i.HAL_TIM_PWM_MspInit)
    HAL_TIM_PWM_PulseFinishedCallback        0x08002c8f   Thumb Code     2  stm32f4xx_hal_tim.o(i.HAL_TIM_PWM_PulseFinishedCallback)
    HAL_TIM_PWM_Start                        0x08002c91   Thumb Code   238  stm32f4xx_hal_tim.o(i.HAL_TIM_PWM_Start)
    HAL_TIM_PeriodElapsedCallback            0x08002d9d   Thumb Code    18  main.o(i.HAL_TIM_PeriodElapsedCallback)
    HAL_TIM_TriggerCallback                  0x08002daf   Thumb Code     2  stm32f4xx_hal_tim.o(i.HAL_TIM_TriggerCallback)
    HAL_UARTEx_RxEventCallback               0x08002db1   Thumb Code     2  stm32f4xx_hal_uart.o(i.HAL_UARTEx_RxEventCallback)
    HAL_UART_ErrorCallback                   0x08002db3   Thumb Code     2  stm32f4xx_hal_uart.o(i.HAL_UART_ErrorCallback)
    HAL_UART_IDLE_IRQHandler                 0x08002db5   Thumb Code   352  bsp_usart.o(i.HAL_UART_IDLE_IRQHandler)
    HAL_UART_IRQHandler                      0x08002f25   Thumb Code   732  stm32f4xx_hal_uart.o(i.HAL_UART_IRQHandler)
    HAL_UART_Init                            0x08003205   Thumb Code   114  stm32f4xx_hal_uart.o(i.HAL_UART_Init)
    HAL_UART_MspInit                         0x08003279   Thumb Code   850  usart.o(i.HAL_UART_MspInit)
    HAL_UART_Receive_IT_IDLE                 0x0800360d   Thumb Code    32  bsp_usart.o(i.HAL_UART_Receive_IT_IDLE)
    HAL_UART_RxCpltCallback                  0x0800362d   Thumb Code     2  stm32f4xx_hal_uart.o(i.HAL_UART_RxCpltCallback)
    HAL_UART_TxCpltCallback                  0x0800362f   Thumb Code     2  stm32f4xx_hal_uart.o(i.HAL_UART_TxCpltCallback)
    HardFault_Handler                        0x08003631   Thumb Code     4  stm32f4xx_it.o(i.HardFault_Handler)
    Led_Init                                 0x08003635   Thumb Code    80  led.o(i.Led_Init)
    Led_length                               0x08003691   Thumb Code   162  led.o(i.Led_length)
    Led_on_off                               0x0800374d   Thumb Code   908  led.o(i.Led_on_off)
    MX_CAN1_Init                             0x08003b05   Thumb Code    62  can.o(i.MX_CAN1_Init)
    MX_CAN2_Init                             0x08003b4d   Thumb Code    62  can.o(i.MX_CAN2_Init)
    MX_DMA_Init                              0x08003b95   Thumb Code   162  dma.o(i.MX_DMA_Init)
    MX_FREERTOS_Init                         0x08003c3d   Thumb Code   102  freertos.o(i.MX_FREERTOS_Init)
    MX_GPIO_Init                             0x08003cb9   Thumb Code   624  gpio.o(i.MX_GPIO_Init)
    MX_SPI1_Init                             0x08003f4d   Thumb Code    62  spi.o(i.MX_SPI1_Init)
    MX_TIM10_Init                            0x08003f95   Thumb Code   100  tim.o(i.MX_TIM10_Init)
    MX_TIM1_Init                             0x08004001   Thumb Code   210  tim.o(i.MX_TIM1_Init)
    MX_TIM3_Init                             0x080040dd   Thumb Code   156  tim.o(i.MX_TIM3_Init)
    MX_TIM4_Init                             0x08004181   Thumb Code   154  tim.o(i.MX_TIM4_Init)
    MX_USART1_UART_Init                      0x08004225   Thumb Code    46  usart.o(i.MX_USART1_UART_Init)
    MX_USART3_UART_Init                      0x0800425d   Thumb Code    44  usart.o(i.MX_USART3_UART_Init)
    MX_USART6_UART_Init                      0x08004295   Thumb Code    46  usart.o(i.MX_USART6_UART_Init)
    MemManage_Handler                        0x080042cd   Thumb Code     4  stm32f4xx_it.o(i.MemManage_Handler)
    NMI_Handler                              0x080042d1   Thumb Code     4  stm32f4xx_it.o(i.NMI_Handler)
    SET_MOTOR_CURRENT_CAN1_1234              0x080042d5   Thumb Code    78  bsp_can.o(i.SET_MOTOR_CURRENT_CAN1_1234)
    StartDefaultTask                         0x08004331   Thumb Code    14  freertos.o(i.StartDefaultTask)
    StartTask02                              0x0800433f   Thumb Code    10  freertos.o(i.StartTask02)
    StartTask03                              0x08004349   Thumb Code    10  freertos.o(i.StartTask03)
    StartTask04                              0x08004353   Thumb Code    10  freertos.o(i.StartTask04)
    SysTick_Handler                          0x0800435d   Thumb Code    46  port.o(i.SysTick_Handler)
    SystemClock_Config                       0x08004391   Thumb Code   170  main.o(i.SystemClock_Config)
    SystemInit                               0x08004445   Thumb Code    14  system_stm32f4xx.o(i.SystemInit)
    TIM1_UP_TIM10_IRQHandler                 0x08004459   Thumb Code    16  stm32f4xx_it.o(i.TIM1_UP_TIM10_IRQHandler)
    TIM2_IRQHandler                          0x08004471   Thumb Code    10  stm32f4xx_it.o(i.TIM2_IRQHandler)
    TIM_Base_SetConfig                       0x08004481   Thumb Code   170  stm32f4xx_hal_tim.o(i.TIM_Base_SetConfig)
    TIM_CCxChannelCmd                        0x08004559   Thumb Code    34  stm32f4xx_hal_tim.o(i.TIM_CCxChannelCmd)
    TIM_ETR_SetConfig                        0x0800457b   Thumb Code    22  stm32f4xx_hal_tim.o(i.TIM_ETR_SetConfig)
    TIM_OC2_SetConfig                        0x08004615   Thumb Code   114  stm32f4xx_hal_tim.o(i.TIM_OC2_SetConfig)
    UART_Receive_DMA_NoIT                    0x0800484b   Thumb Code   164  bsp_usart.o(i.UART_Receive_DMA_NoIT)
    USART1_IRQHandler                        0x08004c75   Thumb Code    10  stm32f4xx_it.o(i.USART1_IRQHandler)
    USART3_IRQHandler                        0x08004c85   Thumb Code    10  stm32f4xx_it.o(i.USART3_IRQHandler)
    USART6_IRQHandler                        0x08004c95   Thumb Code    10  stm32f4xx_it.o(i.USART6_IRQHandler)
    UsageFault_Handler                       0x08004ca5   Thumb Code     4  stm32f4xx_it.o(i.UsageFault_Handler)
    __hardfp_fabs                            0x08004ce1   Thumb Code    20  fabs.o(i.__hardfp_fabs)
    __scatterload_copy                       0x08004cf5   Thumb Code    14  handlers.o(i.__scatterload_copy)
    __scatterload_null                       0x08004d03   Thumb Code     2  handlers.o(i.__scatterload_null)
    __scatterload_zeroinit                   0x08004d05   Thumb Code    14  handlers.o(i.__scatterload_zeroinit)
    base_Init                                0x08004d15   Thumb Code    50  all_task.o(i.base_Init)
    get_moto_measure                         0x08004d5d   Thumb Code   114  bsp_can.o(i.get_moto_measure)
    led_task                                 0x08004dcf   Thumb Code    24  led.o(i.led_task)
    limit                                    0x08004de7   Thumb Code    46  pid.o(i.limit)
    main                                     0x08004e15   Thumb Code    76  main.o(i.main)
    mode_set                                 0x08004e71   Thumb Code   258  led.o(i.mode_set)
    motor_move                               0x08004f9d   Thumb Code   244  led.o(i.motor_move)
    osDelay                                  0x080050bd   Thumb Code    24  cmsis_os.o(i.osDelay)
    osKernelStart                            0x080050d5   Thumb Code    10  cmsis_os.o(i.osKernelStart)
    osThreadCreate                           0x080050df   Thumb Code    94  cmsis_os.o(i.osThreadCreate)
    pid_calculate                            0x0800513d   Thumb Code   806  pid.o(i.pid_calculate)
    pid_init                                 0x08005471   Thumb Code   172  pid.o(i.pid_init)
    pid_param_init                           0x08005525   Thumb Code    74  pid.o(i.pid_param_init)
    pvPortMalloc                             0x08005f75   Thumb Code   306  heap_4.o(i.pvPortMalloc)
    pxPortInitialiseStack                    0x080060c1   Thumb Code    38  port.o(i.pxPortInitialiseStack)
    speed_change                             0x080060ed   Thumb Code    72  led.o(i.speed_change)
    task_Init                                0x08006145   Thumb Code     8  all_task.o(i.task_Init)
    uxListRemove                             0x0800614d   Thumb Code    40  list.o(i.uxListRemove)
    vApplicationGetIdleTaskMemory            0x08006175   Thumb Code    14  freertos.o(i.vApplicationGetIdleTaskMemory)
    vApplicationGetTimerTaskMemory           0x0800618d   Thumb Code    16  freertos.o(i.vApplicationGetTimerTaskMemory)
    vListInitialise                          0x080061a5   Thumb Code    26  list.o(i.vListInitialise)
    vListInitialiseItem                      0x080061bf   Thumb Code     6  list.o(i.vListInitialiseItem)
    vListInsert                              0x080061c5   Thumb Code    52  list.o(i.vListInsert)
    vListInsertEnd                           0x080061f9   Thumb Code    24  list.o(i.vListInsertEnd)
    vPortEnterCritical                       0x08006211   Thumb Code    76  port.o(i.vPortEnterCritical)
    vPortExitCritical                        0x08006265   Thumb Code    56  port.o(i.vPortExitCritical)
    vPortFree                                0x080062a1   Thumb Code   150  heap_4.o(i.vPortFree)
    vPortSetupTimerInterrupt                 0x08006345   Thumb Code    36  port.o(i.vPortSetupTimerInterrupt)
    vPortValidateInterruptPriority           0x0800636d   Thumb Code   106  port.o(i.vPortValidateInterruptPriority)
    vQueueAddToRegistry                      0x080063e5   Thumb Code    38  queue.o(i.vQueueAddToRegistry)
    vQueueWaitForMessageRestricted           0x08006411   Thumb Code    74  queue.o(i.vQueueWaitForMessageRestricted)
    vTaskDelay                               0x0800645d   Thumb Code    82  tasks.o(i.vTaskDelay)
    vTaskInternalSetTimeOutState             0x080064b9   Thumb Code    14  tasks.o(i.vTaskInternalSetTimeOutState)
    vTaskMissedYield                         0x080064d1   Thumb Code     8  tasks.o(i.vTaskMissedYield)
    vTaskPlaceOnEventList                    0x080064dd   Thumb Code    52  tasks.o(i.vTaskPlaceOnEventList)
    vTaskPlaceOnEventListRestricted          0x08006515   Thumb Code    60  tasks.o(i.vTaskPlaceOnEventListRestricted)
    vTaskStartScheduler                      0x08006555   Thumb Code   156  tasks.o(i.vTaskStartScheduler)
    vTaskSuspendAll                          0x0800660d   Thumb Code    12  tasks.o(i.vTaskSuspendAll)
    vTaskSwitchContext                       0x0800661d   Thumb Code   118  tasks.o(i.vTaskSwitchContext)
    xPortStartScheduler                      0x080066a9   Thumb Code   330  port.o(i.xPortStartScheduler)
    xQueueGenericCreateStatic                0x08006811   Thumb Code   224  queue.o(i.xQueueGenericCreateStatic)
    xQueueGenericReset                       0x080068f1   Thumb Code   146  queue.o(i.xQueueGenericReset)
    xQueueGenericSend                        0x08006989   Thumb Code   420  queue.o(i.xQueueGenericSend)
    xQueueGenericSendFromISR                 0x08006b31   Thumb Code   252  queue.o(i.xQueueGenericSendFromISR)
    xQueueReceive                            0x08006c2d   Thumb Code   356  queue.o(i.xQueueReceive)
    xTaskCheckForTimeOut                     0x08006d95   Thumb Code   132  tasks.o(i.xTaskCheckForTimeOut)
    xTaskCreate                              0x08006e21   Thumb Code   100  tasks.o(i.xTaskCreate)
    xTaskCreateStatic                        0x08006e85   Thumb Code   186  tasks.o(i.xTaskCreateStatic)
    xTaskGetSchedulerState                   0x08006f41   Thumb Code    24  tasks.o(i.xTaskGetSchedulerState)
    xTaskGetTickCount                        0x08006f61   Thumb Code     6  tasks.o(i.xTaskGetTickCount)
    xTaskIncrementTick                       0x08006f6d   Thumb Code   282  tasks.o(i.xTaskIncrementTick)
    xTaskPriorityDisinherit                  0x080070b5   Thumb Code   188  tasks.o(i.xTaskPriorityDisinherit)
    xTaskRemoveFromEventList                 0x0800717d   Thumb Code   128  tasks.o(i.xTaskRemoveFromEventList)
    xTaskResumeAll                           0x08007215   Thumb Code   224  tasks.o(i.xTaskResumeAll)
    xTimerCreateTimerTask                    0x08007319   Thumb Code   100  timers.o(i.xTimerCreateTimerTask)
    xTimerGenericCommand                     0x08007391   Thumb Code   126  timers.o(i.xTimerGenericCommand)
    AHBPrescTable                            0x0800748c   Data          16  system_stm32f4xx.o(.constdata)
    APBPrescTable                            0x0800749c   Data           8  system_stm32f4xx.o(.constdata)
    Region$$Table$$Base                      0x080074d4   Number         0  anon$$obj.o(Region$$Table)
    Region$$Table$$Limit                     0x080074f4   Number         0  anon$$obj.o(Region$$Table)
    nuumb                                    0x20000000   Data           4  freertos.o(.data)
    defaultTaskHandle                        0x20000004   Data           4  freertos.o(.data)
    myTask02Handle                           0x20000008   Data           4  freertos.o(.data)
    myTask03Handle                           0x2000000c   Data           4  freertos.o(.data)
    myTask04Handle                           0x20000010   Data           4  freertos.o(.data)
    i                                        0x20000014   Data           4  freertos.o(.data)
    uwTick                                   0x2000001c   Data           4  stm32f4xx_hal.o(.data)
    uwTickPrio                               0x20000020   Data           4  stm32f4xx_hal.o(.data)
    uwTickFreq                               0x20000024   Data           1  stm32f4xx_hal.o(.data)
    SystemCoreClock                          0x20000028   Data           4  system_stm32f4xx.o(.data)
    pxCurrentTCB                             0x2000002c   Data           4  tasks.o(.data)
    RXData                                   0x200000a8   Data           8  bsp_can.o(.data)
    TxData                                   0x200000b0   Data           8  bsp_can.o(.data)
    R_led                                    0x200000b8   Data           4  led.o(.data)
    B_led                                    0x200000bc   Data           4  led.o(.data)
    victory                                  0x200000c0   Data           1  led.o(.data)
    length                                   0x200000c1   Data           2  led.o(.data)
    mode_led                                 0x200000c3   Data           1  led.o(.data)
    mode_move                                0x200000c4   Data           1  led.o(.data)
    led_time                                 0x200000c8   Data           4  led.o(.data)
    rgb_tim                                  0x200000cc   Data           4  led.o(.data)
    tim_win                                  0x200000d0   Data           4  led.o(.data)
    tool_length                              0x200000d4   Data           4  led.o(.data)
    speed                                    0x200000d8   Data           4  led.o(.data)
    speed_tim                                0x200000dc   Data           8  led.o(.data)
    aco                                      0x200000e4   Data           4  led.o(.data)
    ftr                                      0x200000e8   Data           4  led.o(.data)
    factor                                   0x200000ec   Data          32  led.o(.data)
    factor2                                  0x2000010c   Data          32  led.o(.data)
    hcan1                                    0x200007d8   Data          40  can.o(.bss)
    hcan2                                    0x20000800   Data          40  can.o(.bss)
    hspi1                                    0x20000828   Data          88  spi.o(.bss)
    htim1                                    0x20000880   Data          72  tim.o(.bss)
    htim3                                    0x200008c8   Data          72  tim.o(.bss)
    htim4                                    0x20000910   Data          72  tim.o(.bss)
    htim10                                   0x20000958   Data          72  tim.o(.bss)
    huart1                                   0x200009a0   Data          68  usart.o(.bss)
    huart3                                   0x200009e4   Data          68  usart.o(.bss)
    huart6                                   0x20000a28   Data          68  usart.o(.bss)
    hdma_usart1_rx                           0x20000a6c   Data          96  usart.o(.bss)
    hdma_usart1_tx                           0x20000acc   Data          96  usart.o(.bss)
    hdma_usart3_rx                           0x20000b2c   Data          96  usart.o(.bss)
    hdma_usart3_tx                           0x20000b8c   Data          96  usart.o(.bss)
    hdma_usart6_rx                           0x20000bec   Data          96  usart.o(.bss)
    hdma_usart6_tx                           0x20000c4c   Data          96  usart.o(.bss)
    htim2                                    0x20000cac   Data          72  stm32f4xx_hal_timebase_tim.o(.bss)
    xQueueRegistry                           0x20000cf4   Data          64  queue.o(.bss)
    RxMessage                                0x20004b0c   Data          28  bsp_can.o(.bss)
    TxMessage                                0x20004b28   Data          24  bsp_can.o(.bss)
    motor_led                                0x20004b40   Data          36  bsp_can.o(.bss)
    remote_control_lever_buff                0x20004b64   Data         100  bsp_usart.o(.bss)
    RC_DR16                                  0x20004bc8   Data          26  remote_control.o(.bss)
    pid_Mchassis                             0x20004be4   Data         768  pid.o(.bss)
    pid_chassis_follow                       0x20004ee4   Data         192  pid.o(.bss)
    pid_yaw                                  0x20004fa4   Data         192  pid.o(.bss)
    pid_pitch                                0x20005064   Data         192  pid.o(.bss)
    pid_send                                 0x20005124   Data         192  pid.o(.bss)
    pid_shoot                                0x200051e4   Data         384  pid.o(.bss)
    pid_imu_temp                             0x20005364   Data         192  pid.o(.bss)
    pid_led_motor                            0x20005424   Data         192  pid.o(.bss)
    flag                                     0x200054e4   Data          56  led.o(.bss)
    length_tim                               0x2000551c   Data          12  led.o(.bss)
    __initial_sp                             0x20005928   Data           0  startup_stm32f407xx.o(STACK)



==============================================================================

Memory Map of the image

  Image Entry point : 0x08000189

  Load Region LR_IROM1 (Base: 0x08000000, Size: 0x00007624, Max: 0x00100000, ABSOLUTE, COMPRESSED[0x00007534])

    Execution Region ER_IROM1 (Exec base: 0x08000000, Load base: 0x08000000, Size: 0x000074f4, Max: 0x00100000, ABSOLUTE)

    Exec Addr    Load Addr    Size         Type   Attr      Idx    E Section Name        Object

    0x08000000   0x08000000   0x00000188   Data   RO            3    RESET               startup_stm32f407xx.o
    0x08000188   0x08000188   0x00000000   Code   RO         5702  * .ARM.Collect$$$$00000000  mc_w.l(entry.o)
    0x08000188   0x08000188   0x00000004   Code   RO         5728    .ARM.Collect$$$$00000001  mc_w.l(entry2.o)
    0x0800018c   0x0800018c   0x00000004   Code   RO         5731    .ARM.Collect$$$$00000004  mc_w.l(entry5.o)
    0x08000190   0x08000190   0x00000000   Code   RO         5733    .ARM.Collect$$$$00000008  mc_w.l(entry7b.o)
    0x08000190   0x08000190   0x00000000   Code   RO         5735    .ARM.Collect$$$$0000000A  mc_w.l(entry8b.o)
    0x08000190   0x08000190   0x00000008   Code   RO         5736    .ARM.Collect$$$$0000000B  mc_w.l(entry9a.o)
    0x08000198   0x08000198   0x00000000   Code   RO         5738    .ARM.Collect$$$$0000000D  mc_w.l(entry10a.o)
    0x08000198   0x08000198   0x00000000   Code   RO         5740    .ARM.Collect$$$$0000000F  mc_w.l(entry11a.o)
    0x08000198   0x08000198   0x00000004   Code   RO         5729    .ARM.Collect$$$$00002712  mc_w.l(entry2.o)
    0x0800019c   0x0800019c   0x000000be   Code   RO         5282    .emb_text           port.o
    0x0800025a   0x0800025a   0x00000002   PAD
    0x0800025c   0x0800025c   0x00000024   Code   RO            4    .text               startup_stm32f407xx.o
    0x08000280   0x08000280   0x00000062   Code   RO         5705    .text               mc_w.l(uldiv.o)
    0x080002e2   0x080002e2   0x00000002   PAD
    0x080002e4   0x080002e4   0x00000024   Code   RO         5707    .text               mc_w.l(rand.o)
    0x08000308   0x08000308   0x00000024   Code   RO         5710    .text               mc_w.l(memcpya.o)
    0x0800032c   0x0800032c   0x00000024   Code   RO         5714    .text               mc_w.l(memseta.o)
    0x08000350   0x08000350   0x0000001a   Code   RO         5720    .text               mf_w.l(dfltui.o)
    0x0800036a   0x0800036a   0x00000026   Code   RO         5722    .text               mf_w.l(f2d.o)
    0x08000390   0x08000390   0x00000030   Code   RO         5724    .text               mf_w.l(cdrcmple.o)
    0x080003c0   0x080003c0   0x0000001e   Code   RO         5742    .text               mc_w.l(llshl.o)
    0x080003de   0x080003de   0x00000020   Code   RO         5744    .text               mc_w.l(llushr.o)
    0x080003fe   0x080003fe   0x00000000   Code   RO         5746    .text               mc_w.l(iusefp.o)
    0x080003fe   0x080003fe   0x000000ba   Code   RO         5749    .text               mf_w.l(depilogue.o)
    0x080004b8   0x080004b8   0x00000024   Code   RO         5751    .text               mc_w.l(init.o)
    0x080004dc   0x080004dc   0x00000056   Code   RO         5761    .text               mc_w.l(__dczerorl2.o)
    0x08000532   0x08000532   0x00000004   Code   RO          573    i.BusFault_Handler  stm32f4xx_it.o
    0x08000536   0x08000536   0x00000002   PAD
    0x08000538   0x08000538   0x00000060   Code   RO         5362    i.CAN1_FILTER_CONFIG  bsp_can.o
    0x08000598   0x08000598   0x00000010   Code   RO          574    i.CAN1_RX0_IRQHandler  stm32f4xx_it.o
    0x080005a8   0x080005a8   0x00000064   Code   RO         5363    i.CAN2_FILTER_CONFIG  bsp_can.o
    0x0800060c   0x0800060c   0x00000010   Code   RO          575    i.CAN2_RX0_IRQHandler  stm32f4xx_it.o
    0x0800061c   0x0800061c   0x000000cc   Code   RO         5481    i.Callback_RC_Handle  remote_control.o
    0x080006e8   0x080006e8   0x00000010   Code   RO          576    i.DMA1_Stream1_IRQHandler  stm32f4xx_it.o
    0x080006f8   0x080006f8   0x00000010   Code   RO          577    i.DMA1_Stream3_IRQHandler  stm32f4xx_it.o
    0x08000708   0x08000708   0x00000010   Code   RO          578    i.DMA2_Stream1_IRQHandler  stm32f4xx_it.o
    0x08000718   0x08000718   0x00000010   Code   RO          579    i.DMA2_Stream2_IRQHandler  stm32f4xx_it.o
    0x08000728   0x08000728   0x00000010   Code   RO          580    i.DMA2_Stream6_IRQHandler  stm32f4xx_it.o
    0x08000738   0x08000738   0x00000010   Code   RO          581    i.DMA2_Stream7_IRQHandler  stm32f4xx_it.o
    0x08000748   0x08000748   0x00000034   Code   RO         1510    i.DMA_CalcBaseAndBitshift  stm32f4xx_hal_dma.o
    0x0800077c   0x0800077c   0x000000aa   Code   RO         1511    i.DMA_CheckFifoParam  stm32f4xx_hal_dma.o
    0x08000826   0x08000826   0x0000002c   Code   RO         1512    i.DMA_SetConfig     stm32f4xx_hal_dma.o
    0x08000852   0x08000852   0x00000002   Code   RO          582    i.DebugMon_Handler  stm32f4xx_it.o
    0x08000854   0x08000854   0x00000006   Code   RO           13    i.Error_Handler     main.o
    0x0800085a   0x0800085a   0x0000002a   Code   RO          773    i.HAL_CAN_ActivateNotification  stm32f4xx_hal_can.o
    0x08000884   0x08000884   0x00000156   Code   RO          774    i.HAL_CAN_AddTxMessage  stm32f4xx_hal_can.o
    0x080009da   0x080009da   0x00000002   PAD
    0x080009dc   0x080009dc   0x00000124   Code   RO          775    i.HAL_CAN_ConfigFilter  stm32f4xx_hal_can.o
    0x08000b00   0x08000b00   0x00000002   Code   RO          778    i.HAL_CAN_ErrorCallback  stm32f4xx_hal_can.o
    0x08000b02   0x08000b02   0x0000017a   Code   RO          781    i.HAL_CAN_GetRxMessage  stm32f4xx_hal_can.o
    0x08000c7c   0x08000c7c   0x0000024e   Code   RO          785    i.HAL_CAN_IRQHandler  stm32f4xx_hal_can.o
    0x08000eca   0x08000eca   0x00000174   Code   RO          786    i.HAL_CAN_Init      stm32f4xx_hal_can.o
    0x0800103e   0x0800103e   0x00000002   PAD
    0x08001040   0x08001040   0x00000160   Code   RO          339    i.HAL_CAN_MspInit   can.o
    0x080011a0   0x080011a0   0x00000002   Code   RO          793    i.HAL_CAN_RxFifo0FullCallback  stm32f4xx_hal_can.o
    0x080011a2   0x080011a2   0x00000002   PAD
    0x080011a4   0x080011a4   0x0000006c   Code   RO         5364    i.HAL_CAN_RxFifo0MsgPendingCallback  bsp_can.o
    0x08001210   0x08001210   0x00000002   Code   RO          795    i.HAL_CAN_RxFifo1FullCallback  stm32f4xx_hal_can.o
    0x08001212   0x08001212   0x00000002   Code   RO          796    i.HAL_CAN_RxFifo1MsgPendingCallback  stm32f4xx_hal_can.o
    0x08001214   0x08001214   0x00000002   Code   RO          797    i.HAL_CAN_SleepCallback  stm32f4xx_hal_can.o
    0x08001216   0x08001216   0x0000005e   Code   RO          798    i.HAL_CAN_Start     stm32f4xx_hal_can.o
    0x08001274   0x08001274   0x00000002   Code   RO          800    i.HAL_CAN_TxMailbox0AbortCallback  stm32f4xx_hal_can.o
    0x08001276   0x08001276   0x00000002   Code   RO          801    i.HAL_CAN_TxMailbox0CompleteCallback  stm32f4xx_hal_can.o
    0x08001278   0x08001278   0x00000002   Code   RO          802    i.HAL_CAN_TxMailbox1AbortCallback  stm32f4xx_hal_can.o
    0x0800127a   0x0800127a   0x00000002   Code   RO          803    i.HAL_CAN_TxMailbox1CompleteCallback  stm32f4xx_hal_can.o
    0x0800127c   0x0800127c   0x00000002   Code   RO          804    i.HAL_CAN_TxMailbox2AbortCallback  stm32f4xx_hal_can.o
    0x0800127e   0x0800127e   0x00000002   Code   RO          805    i.HAL_CAN_TxMailbox2CompleteCallback  stm32f4xx_hal_can.o
    0x08001280   0x08001280   0x00000002   Code   RO          807    i.HAL_CAN_WakeUpFromRxMsgCallback  stm32f4xx_hal_can.o
    0x08001282   0x08001282   0x000000ac   Code   RO         1513    i.HAL_DMA_Abort     stm32f4xx_hal_dma.o
    0x0800132e   0x0800132e   0x00000028   Code   RO         1514    i.HAL_DMA_Abort_IT  stm32f4xx_hal_dma.o
    0x08001356   0x08001356   0x00000002   PAD
    0x08001358   0x08001358   0x00000240   Code   RO         1518    i.HAL_DMA_IRQHandler  stm32f4xx_hal_dma.o
    0x08001598   0x08001598   0x000000ec   Code   RO         1519    i.HAL_DMA_Init      stm32f4xx_hal_dma.o
    0x08001684   0x08001684   0x00000066   Code   RO         1522    i.HAL_DMA_Start     stm32f4xx_hal_dma.o
    0x080016ea   0x080016ea   0x00000002   PAD
    0x080016ec   0x080016ec   0x000001f4   Code   RO         1406    i.HAL_GPIO_Init     stm32f4xx_hal_gpio.o
    0x080018e0   0x080018e0   0x00000010   Code   RO         1408    i.HAL_GPIO_ReadPin  stm32f4xx_hal_gpio.o
    0x080018f0   0x080018f0   0x0000000c   Code   RO         1410    i.HAL_GPIO_WritePin  stm32f4xx_hal_gpio.o
    0x080018fc   0x080018fc   0x0000000c   Code   RO         1943    i.HAL_GetTick       stm32f4xx_hal.o
    0x08001908   0x08001908   0x00000018   Code   RO         1949    i.HAL_IncTick       stm32f4xx_hal.o
    0x08001920   0x08001920   0x0000003c   Code   RO         1950    i.HAL_Init          stm32f4xx_hal.o
    0x0800195c   0x0800195c   0x000000b4   Code   RO          733    i.HAL_InitTick      stm32f4xx_hal_timebase_tim.o
    0x08001a10   0x08001a10   0x00000054   Code   RO          709    i.HAL_MspInit       stm32f4xx_hal_msp.o
    0x08001a64   0x08001a64   0x00000020   Code   RO         1795    i.HAL_NVIC_EnableIRQ  stm32f4xx_hal_cortex.o
    0x08001a84   0x08001a84   0x0000007c   Code   RO         1801    i.HAL_NVIC_SetPriority  stm32f4xx_hal_cortex.o
    0x08001b00   0x08001b00   0x00000028   Code   RO         1802    i.HAL_NVIC_SetPriorityGrouping  stm32f4xx_hal_cortex.o
    0x08001b28   0x08001b28   0x00000184   Code   RO         1007    i.HAL_RCC_ClockConfig  stm32f4xx_hal_rcc.o
    0x08001cac   0x08001cac   0x00000044   Code   RO         1011    i.HAL_RCC_GetClockConfig  stm32f4xx_hal_rcc.o
    0x08001cf0   0x08001cf0   0x0000000c   Code   RO         1012    i.HAL_RCC_GetHCLKFreq  stm32f4xx_hal_rcc.o
    0x08001cfc   0x08001cfc   0x00000020   Code   RO         1014    i.HAL_RCC_GetPCLK1Freq  stm32f4xx_hal_rcc.o
    0x08001d1c   0x08001d1c   0x00000020   Code   RO         1015    i.HAL_RCC_GetPCLK2Freq  stm32f4xx_hal_rcc.o
    0x08001d3c   0x08001d3c   0x000000b0   Code   RO         1016    i.HAL_RCC_GetSysClockFreq  stm32f4xx_hal_rcc.o
    0x08001dec   0x08001dec   0x0000049c   Code   RO         1019    i.HAL_RCC_OscConfig  stm32f4xx_hal_rcc.o
    0x08002288   0x08002288   0x000000c8   Code   RO         2199    i.HAL_SPI_Init      stm32f4xx_hal_spi.o
    0x08002350   0x08002350   0x000000c4   Code   RO          412    i.HAL_SPI_MspInit   spi.o
    0x08002414   0x08002414   0x00000002   Code   RO         3227    i.HAL_TIMEx_BreakCallback  stm32f4xx_hal_tim_ex.o
    0x08002416   0x08002416   0x00000002   Code   RO         3228    i.HAL_TIMEx_CommutCallback  stm32f4xx_hal_tim_ex.o
    0x08002418   0x08002418   0x00000074   Code   RO         3230    i.HAL_TIMEx_ConfigBreakDeadTime  stm32f4xx_hal_tim_ex.o
    0x0800248c   0x0800248c   0x000000b4   Code   RO         3246    i.HAL_TIMEx_MasterConfigSynchronization  stm32f4xx_hal_tim_ex.o
    0x08002540   0x08002540   0x00000066   Code   RO         2512    i.HAL_TIM_Base_Init  stm32f4xx_hal_tim.o
    0x080025a6   0x080025a6   0x00000002   PAD
    0x080025a8   0x080025a8   0x000000e4   Code   RO          454    i.HAL_TIM_Base_MspInit  tim.o
    0x0800268c   0x0800268c   0x000000a8   Code   RO         2517    i.HAL_TIM_Base_Start_IT  stm32f4xx_hal_tim.o
    0x08002734   0x08002734   0x0000010c   Code   RO         2521    i.HAL_TIM_ConfigClockSource  stm32f4xx_hal_tim.o
    0x08002840   0x08002840   0x00000002   Code   RO         2546    i.HAL_TIM_IC_CaptureCallback  stm32f4xx_hal_tim.o
    0x08002842   0x08002842   0x00000196   Code   RO         2560    i.HAL_TIM_IRQHandler  stm32f4xx_hal_tim.o
    0x080029d8   0x080029d8   0x00000148   Code   RO          455    i.HAL_TIM_MspPostInit  tim.o
    0x08002b20   0x08002b20   0x00000002   Code   RO         2563    i.HAL_TIM_OC_DelayElapsedCallback  stm32f4xx_hal_tim.o
    0x08002b22   0x08002b22   0x00000104   Code   RO         2584    i.HAL_TIM_PWM_ConfigChannel  stm32f4xx_hal_tim.o
    0x08002c26   0x08002c26   0x00000066   Code   RO         2587    i.HAL_TIM_PWM_Init  stm32f4xx_hal_tim.o
    0x08002c8c   0x08002c8c   0x00000002   Code   RO         2589    i.HAL_TIM_PWM_MspInit  stm32f4xx_hal_tim.o
    0x08002c8e   0x08002c8e   0x00000002   Code   RO         2590    i.HAL_TIM_PWM_PulseFinishedCallback  stm32f4xx_hal_tim.o
    0x08002c90   0x08002c90   0x0000010c   Code   RO         2592    i.HAL_TIM_PWM_Start  stm32f4xx_hal_tim.o
    0x08002d9c   0x08002d9c   0x00000012   Code   RO           14    i.HAL_TIM_PeriodElapsedCallback  main.o
    0x08002dae   0x08002dae   0x00000002   Code   RO         2603    i.HAL_TIM_TriggerCallback  stm32f4xx_hal_tim.o
    0x08002db0   0x08002db0   0x00000002   Code   RO         3505    i.HAL_UARTEx_RxEventCallback  stm32f4xx_hal_uart.o
    0x08002db2   0x08002db2   0x00000002   Code   RO         3519    i.HAL_UART_ErrorCallback  stm32f4xx_hal_uart.o
    0x08002db4   0x08002db4   0x00000170   Code   RO         5435    i.HAL_UART_IDLE_IRQHandler  bsp_usart.o
    0x08002f24   0x08002f24   0x000002e0   Code   RO         3522    i.HAL_UART_IRQHandler  stm32f4xx_hal_uart.o
    0x08003204   0x08003204   0x00000072   Code   RO         3523    i.HAL_UART_Init     stm32f4xx_hal_uart.o
    0x08003276   0x08003276   0x00000002   PAD
    0x08003278   0x08003278   0x00000394   Code   RO          520    i.HAL_UART_MspInit  usart.o
    0x0800360c   0x0800360c   0x00000020   Code   RO         5436    i.HAL_UART_Receive_IT_IDLE  bsp_usart.o
    0x0800362c   0x0800362c   0x00000002   Code   RO         3529    i.HAL_UART_RxCpltCallback  stm32f4xx_hal_uart.o
    0x0800362e   0x0800362e   0x00000002   Code   RO         3534    i.HAL_UART_TxCpltCallback  stm32f4xx_hal_uart.o
    0x08003630   0x08003630   0x00000004   Code   RO          583    i.HardFault_Handler  stm32f4xx_it.o
    0x08003634   0x08003634   0x0000005c   Code   RO         5619    i.Led_Init          led.o
    0x08003690   0x08003690   0x000000bc   Code   RO         5620    i.Led_length        led.o
    0x0800374c   0x0800374c   0x000003b8   Code   RO         5622    i.Led_on_off        led.o
    0x08003b04   0x08003b04   0x00000048   Code   RO          340    i.MX_CAN1_Init      can.o
    0x08003b4c   0x08003b4c   0x00000048   Code   RO          341    i.MX_CAN2_Init      can.o
    0x08003b94   0x08003b94   0x000000a8   Code   RO          387    i.MX_DMA_Init       dma.o
    0x08003c3c   0x08003c3c   0x0000007c   Code   RO          264    i.MX_FREERTOS_Init  freertos.o
    0x08003cb8   0x08003cb8   0x00000294   Code   RO          240    i.MX_GPIO_Init      gpio.o
    0x08003f4c   0x08003f4c   0x00000048   Code   RO          413    i.MX_SPI1_Init      spi.o
    0x08003f94   0x08003f94   0x0000006c   Code   RO          456    i.MX_TIM10_Init     tim.o
    0x08004000   0x08004000   0x000000dc   Code   RO          457    i.MX_TIM1_Init      tim.o
    0x080040dc   0x080040dc   0x000000a4   Code   RO          458    i.MX_TIM3_Init      tim.o
    0x08004180   0x08004180   0x000000a4   Code   RO          459    i.MX_TIM4_Init      tim.o
    0x08004224   0x08004224   0x00000038   Code   RO          521    i.MX_USART1_UART_Init  usart.o
    0x0800425c   0x0800425c   0x00000038   Code   RO          522    i.MX_USART3_UART_Init  usart.o
    0x08004294   0x08004294   0x00000038   Code   RO          523    i.MX_USART6_UART_Init  usart.o
    0x080042cc   0x080042cc   0x00000004   Code   RO          584    i.MemManage_Handler  stm32f4xx_it.o
    0x080042d0   0x080042d0   0x00000004   Code   RO          585    i.NMI_Handler       stm32f4xx_it.o
    0x080042d4   0x080042d4   0x0000005c   Code   RO         5365    i.SET_MOTOR_CURRENT_CAN1_1234  bsp_can.o
    0x08004330   0x08004330   0x0000000e   Code   RO          265    i.StartDefaultTask  freertos.o
    0x0800433e   0x0800433e   0x0000000a   Code   RO          266    i.StartTask02       freertos.o
    0x08004348   0x08004348   0x0000000a   Code   RO          267    i.StartTask03       freertos.o
    0x08004352   0x08004352   0x0000000a   Code   RO          268    i.StartTask04       freertos.o
    0x0800435c   0x0800435c   0x00000034   Code   RO         5283    i.SysTick_Handler   port.o
    0x08004390   0x08004390   0x000000b4   Code   RO           15    i.SystemClock_Config  main.o
    0x08004444   0x08004444   0x00000014   Code   RO         3862    i.SystemInit        system_stm32f4xx.o
    0x08004458   0x08004458   0x00000018   Code   RO          586    i.TIM1_UP_TIM10_IRQHandler  stm32f4xx_it.o
    0x08004470   0x08004470   0x00000010   Code   RO          587    i.TIM2_IRQHandler   stm32f4xx_it.o
    0x08004480   0x08004480   0x000000d8   Code   RO         2605    i.TIM_Base_SetConfig  stm32f4xx_hal_tim.o
    0x08004558   0x08004558   0x00000022   Code   RO         2606    i.TIM_CCxChannelCmd  stm32f4xx_hal_tim.o
    0x0800457a   0x0800457a   0x00000016   Code   RO         2616    i.TIM_ETR_SetConfig  stm32f4xx_hal_tim.o
    0x08004590   0x08004590   0x00000012   Code   RO         2617    i.TIM_ITRx_SetConfig  stm32f4xx_hal_tim.o
    0x080045a2   0x080045a2   0x00000002   PAD
    0x080045a4   0x080045a4   0x00000070   Code   RO         2618    i.TIM_OC1_SetConfig  stm32f4xx_hal_tim.o
    0x08004614   0x08004614   0x0000007c   Code   RO         2619    i.TIM_OC2_SetConfig  stm32f4xx_hal_tim.o
    0x08004690   0x08004690   0x00000078   Code   RO         2620    i.TIM_OC3_SetConfig  stm32f4xx_hal_tim.o
    0x08004708   0x08004708   0x00000054   Code   RO         2621    i.TIM_OC4_SetConfig  stm32f4xx_hal_tim.o
    0x0800475c   0x0800475c   0x00000026   Code   RO         2623    i.TIM_TI1_ConfigInputStage  stm32f4xx_hal_tim.o
    0x08004782   0x08004782   0x00000028   Code   RO         2625    i.TIM_TI2_ConfigInputStage  stm32f4xx_hal_tim.o
    0x080047aa   0x080047aa   0x00000014   Code   RO         3536    i.UART_DMAAbortOnError  stm32f4xx_hal_uart.o
    0x080047be   0x080047be   0x0000006c   Code   RO         3546    i.UART_EndRxTransfer  stm32f4xx_hal_uart.o
    0x0800482a   0x0800482a   0x00000020   Code   RO         3547    i.UART_EndTransmit_IT  stm32f4xx_hal_uart.o
    0x0800484a   0x0800484a   0x000000a4   Code   RO         5437    i.UART_Receive_DMA_NoIT  bsp_usart.o
    0x080048ee   0x080048ee   0x000000f8   Code   RO         3549    i.UART_Receive_IT   stm32f4xx_hal_uart.o
    0x080049e6   0x080049e6   0x00000002   PAD
    0x080049e8   0x080049e8   0x0000022c   Code   RO         3550    i.UART_SetConfig    stm32f4xx_hal_uart.o
    0x08004c14   0x08004c14   0x00000060   Code   RO         3553    i.UART_Transmit_IT  stm32f4xx_hal_uart.o
    0x08004c74   0x08004c74   0x00000010   Code   RO          588    i.USART1_IRQHandler  stm32f4xx_it.o
    0x08004c84   0x08004c84   0x00000010   Code   RO          589    i.USART3_IRQHandler  stm32f4xx_it.o
    0x08004c94   0x08004c94   0x00000010   Code   RO          590    i.USART6_IRQHandler  stm32f4xx_it.o
    0x08004ca4   0x08004ca4   0x00000004   Code   RO          591    i.UsageFault_Handler  stm32f4xx_it.o
    0x08004ca8   0x08004ca8   0x00000010   Code   RO         1808    i.__NVIC_GetPriorityGrouping  stm32f4xx_hal_cortex.o
    0x08004cb8   0x08004cb8   0x00000028   Code   RO         1809    i.__NVIC_SetPriority  stm32f4xx_hal_cortex.o
    0x08004ce0   0x08004ce0   0x00000014   Code   RO         5696    i.__hardfp_fabs     m_wm.l(fabs.o)
    0x08004cf4   0x08004cf4   0x0000000e   Code   RO         5755    i.__scatterload_copy  mc_w.l(handlers.o)
    0x08004d02   0x08004d02   0x00000002   Code   RO         5756    i.__scatterload_null  mc_w.l(handlers.o)
    0x08004d04   0x08004d04   0x0000000e   Code   RO         5757    i.__scatterload_zeroinit  mc_w.l(handlers.o)
    0x08004d12   0x08004d12   0x00000002   PAD
    0x08004d14   0x08004d14   0x00000048   Code   RO         5575    i.base_Init         all_task.o
    0x08004d5c   0x08004d5c   0x00000072   Code   RO         5369    i.get_moto_measure  bsp_can.o
    0x08004dce   0x08004dce   0x00000018   Code   RO         5623    i.led_task          led.o
    0x08004de6   0x08004de6   0x0000002e   Code   RO         5511    i.limit             pid.o
    0x08004e14   0x08004e14   0x0000004c   Code   RO           16    i.main              main.o
    0x08004e60   0x08004e60   0x0000000e   Code   RO         4860    i.makeFreeRtosPriority  cmsis_os.o
    0x08004e6e   0x08004e6e   0x00000002   PAD
    0x08004e70   0x08004e70   0x0000012c   Code   RO         5624    i.mode_set          led.o
    0x08004f9c   0x08004f9c   0x00000120   Code   RO         5625    i.motor_move        led.o
    0x080050bc   0x080050bc   0x00000018   Code   RO         4862    i.osDelay           cmsis_os.o
    0x080050d4   0x080050d4   0x0000000a   Code   RO         4865    i.osKernelStart     cmsis_os.o
    0x080050de   0x080050de   0x0000005e   Code   RO         4899    i.osThreadCreate    cmsis_os.o
    0x0800513c   0x0800513c   0x00000334   Code   RO         5512    i.pid_calculate     pid.o
    0x08005470   0x08005470   0x000000b4   Code   RO         5515    i.pid_init          pid.o
    0x08005524   0x08005524   0x0000004a   Code   RO         5516    i.pid_param_init    pid.o
    0x0800556e   0x0800556e   0x00000002   PAD
    0x08005570   0x08005570   0x00000098   Code   RO         4379    i.prvAddCurrentTaskToDelayedList  tasks.o
    0x08005608   0x08005608   0x000000b4   Code   RO         4380    i.prvAddNewTaskToReadyList  tasks.o
    0x080056bc   0x080056bc   0x00000074   Code   RO         4704    i.prvCheckForValidListAndQueue  timers.o
    0x08005730   0x08005730   0x00000048   Code   RO         4381    i.prvCheckTasksWaitingTermination  tasks.o
    0x08005778   0x08005778   0x0000002a   Code   RO         4039    i.prvCopyDataFromQueue  queue.o
    0x080057a2   0x080057a2   0x0000007e   Code   RO         4040    i.prvCopyDataToQueue  queue.o
    0x08005820   0x08005820   0x00000050   Code   RO         4382    i.prvDeleteTCB      tasks.o
    0x08005870   0x08005870   0x00000028   Code   RO         4705    i.prvGetNextExpireTime  timers.o
    0x08005898   0x08005898   0x0000007c   Code   RO         5227    i.prvHeapInit       heap_4.o
    0x08005914   0x08005914   0x00000028   Code   RO         4383    i.prvIdleTask       tasks.o
    0x0800593c   0x0800593c   0x00000026   Code   RO         4043    i.prvInitialiseNewQueue  queue.o
    0x08005962   0x08005962   0x000000b4   Code   RO         4384    i.prvInitialiseNewTask  tasks.o
    0x08005a16   0x08005a16   0x00000002   PAD
    0x08005a18   0x08005a18   0x00000068   Code   RO         4385    i.prvInitialiseTaskLists  tasks.o
    0x08005a80   0x08005a80   0x00000068   Code   RO         5228    i.prvInsertBlockIntoFreeList  heap_4.o
    0x08005ae8   0x08005ae8   0x00000058   Code   RO         4707    i.prvInsertTimerInActiveList  timers.o
    0x08005b40   0x08005b40   0x0000001a   Code   RO         4044    i.prvIsQueueEmpty   queue.o
    0x08005b5a   0x08005b5a   0x0000001e   Code   RO         4045    i.prvIsQueueFull    queue.o
    0x08005b78   0x08005b78   0x00000074   Code   RO         4708    i.prvProcessExpiredTimer  timers.o
    0x08005bec   0x08005bec   0x00000138   Code   RO         4709    i.prvProcessReceivedCommands  timers.o
    0x08005d24   0x08005d24   0x00000074   Code   RO         4710    i.prvProcessTimerOrBlockTask  timers.o
    0x08005d98   0x08005d98   0x00000034   Code   RO         4386    i.prvResetNextTaskUnblockTime  tasks.o
    0x08005dcc   0x08005dcc   0x0000002c   Code   RO         4711    i.prvSampleTimeNow  timers.o
    0x08005df8   0x08005df8   0x000000a4   Code   RO         4712    i.prvSwitchTimerLists  timers.o
    0x08005e9c   0x08005e9c   0x00000040   Code   RO         5284    i.prvTaskExitError  port.o
    0x08005edc   0x08005edc   0x0000001a   Code   RO         4713    i.prvTimerTask      timers.o
    0x08005ef6   0x08005ef6   0x0000007e   Code   RO         4046    i.prvUnlockQueue    queue.o
    0x08005f74   0x08005f74   0x0000014c   Code   RO         5229    i.pvPortMalloc      heap_4.o
    0x080060c0   0x080060c0   0x0000002c   Code   RO         5285    i.pxPortInitialiseStack  port.o
    0x080060ec   0x080060ec   0x00000058   Code   RO         5626    i.speed_change      led.o
    0x08006144   0x08006144   0x00000008   Code   RO         5576    i.task_Init         all_task.o
    0x0800614c   0x0800614c   0x00000028   Code   RO         3999    i.uxListRemove      list.o
    0x08006174   0x08006174   0x00000018   Code   RO          269    i.vApplicationGetIdleTaskMemory  freertos.o
    0x0800618c   0x0800618c   0x00000018   Code   RO          270    i.vApplicationGetTimerTaskMemory  freertos.o
    0x080061a4   0x080061a4   0x0000001a   Code   RO         4000    i.vListInitialise   list.o
    0x080061be   0x080061be   0x00000006   Code   RO         4001    i.vListInitialiseItem  list.o
    0x080061c4   0x080061c4   0x00000034   Code   RO         4002    i.vListInsert       list.o
    0x080061f8   0x080061f8   0x00000018   Code   RO         4003    i.vListInsertEnd    list.o
    0x08006210   0x08006210   0x00000054   Code   RO         5287    i.vPortEnterCritical  port.o
    0x08006264   0x08006264   0x0000003c   Code   RO         5288    i.vPortExitCritical  port.o
    0x080062a0   0x080062a0   0x000000a4   Code   RO         5230    i.vPortFree         heap_4.o
    0x08006344   0x08006344   0x00000028   Code   RO         5289    i.vPortSetupTimerInterrupt  port.o
    0x0800636c   0x0800636c   0x00000078   Code   RO         5290    i.vPortValidateInterruptPriority  port.o
    0x080063e4   0x080063e4   0x0000002c   Code   RO         4050    i.vQueueAddToRegistry  queue.o
    0x08006410   0x08006410   0x0000004a   Code   RO         4053    i.vQueueWaitForMessageRestricted  queue.o
    0x0800645a   0x0800645a   0x00000002   PAD
    0x0800645c   0x0800645c   0x0000005c   Code   RO         4395    i.vTaskDelay        tasks.o
    0x080064b8   0x080064b8   0x00000018   Code   RO         4398    i.vTaskInternalSetTimeOutState  tasks.o
    0x080064d0   0x080064d0   0x0000000c   Code   RO         4399    i.vTaskMissedYield  tasks.o
    0x080064dc   0x080064dc   0x00000038   Code   RO         4401    i.vTaskPlaceOnEventList  tasks.o
    0x08006514   0x08006514   0x00000040   Code   RO         4402    i.vTaskPlaceOnEventListRestricted  tasks.o
    0x08006554   0x08006554   0x000000b8   Code   RO         4409    i.vTaskStartScheduler  tasks.o
    0x0800660c   0x0800660c   0x00000010   Code   RO         4411    i.vTaskSuspendAll   tasks.o
    0x0800661c   0x0800661c   0x0000008c   Code   RO         4412    i.vTaskSwitchContext  tasks.o
    0x080066a8   0x080066a8   0x00000168   Code   RO         5291    i.xPortStartScheduler  port.o
    0x08006810   0x08006810   0x000000e0   Code   RO         4057    i.xQueueGenericCreateStatic  queue.o
    0x080068f0   0x080068f0   0x00000098   Code   RO         4058    i.xQueueGenericReset  queue.o
    0x08006988   0x08006988   0x000001a8   Code   RO         4059    i.xQueueGenericSend  queue.o
    0x08006b30   0x08006b30   0x000000fc   Code   RO         4060    i.xQueueGenericSendFromISR  queue.o
    0x08006c2c   0x08006c2c   0x00000168   Code   RO         4066    i.xQueueReceive     queue.o
    0x08006d94   0x08006d94   0x0000008c   Code   RO         4414    i.xTaskCheckForTimeOut  tasks.o
    0x08006e20   0x08006e20   0x00000064   Code   RO         4415    i.xTaskCreate       tasks.o
    0x08006e84   0x08006e84   0x000000ba   Code   RO         4416    i.xTaskCreateStatic  tasks.o
    0x08006f3e   0x08006f3e   0x00000002   PAD
    0x08006f40   0x08006f40   0x00000020   Code   RO         4420    i.xTaskGetSchedulerState  tasks.o
    0x08006f60   0x08006f60   0x0000000c   Code   RO         4421    i.xTaskGetTickCount  tasks.o
    0x08006f6c   0x08006f6c   0x00000148   Code   RO         4423    i.xTaskIncrementTick  tasks.o
    0x080070b4   0x080070b4   0x000000c8   Code   RO         4426    i.xTaskPriorityDisinherit  tasks.o
    0x0800717c   0x0800717c   0x00000098   Code   RO         4428    i.xTaskRemoveFromEventList  tasks.o
    0x08007214   0x08007214   0x00000104   Code   RO         4429    i.xTaskResumeAll    tasks.o
    0x08007318   0x08007318   0x00000078   Code   RO         4720    i.xTimerCreateTimerTask  timers.o
    0x08007390   0x08007390   0x00000084   Code   RO         4721    i.xTimerGenericCommand  timers.o
    0x08007414   0x08007414   0x00000070   Data   RO          272    .constdata          freertos.o
    0x08007484   0x08007484   0x00000008   Data   RO         1525    .constdata          stm32f4xx_hal_dma.o
    0x0800748c   0x0800748c   0x00000018   Data   RO         3863    .constdata          system_stm32f4xx.o
    0x080074a4   0x080074a4   0x00000030   Data   RO          273    .conststring        freertos.o
    0x080074d4   0x080074d4   0x00000020   Data   RO         5753    Region$$Table       anon$$obj.o


    Execution Region RW_IRAM1 (Exec base: 0x20000000, Load base: 0x080074f4, Size: 0x00005928, Max: 0x00020000, ABSOLUTE, COMPRESSED[0x00000040])

    Exec Addr    Load Addr    Size         Type   Attr      Idx    E Section Name        Object

    0x20000000   COMPRESSED   0x00000018   Data   RW          274    .data               freertos.o
    0x20000018   COMPRESSED   0x00000004   Data   RW          343    .data               can.o
    0x2000001c   COMPRESSED   0x00000009   Data   RW         1957    .data               stm32f4xx_hal.o
    0x20000025   COMPRESSED   0x00000003   PAD
    0x20000028   COMPRESSED   0x00000004   Data   RW         3864    .data               system_stm32f4xx.o
    0x2000002c   COMPRESSED   0x0000003c   Data   RW         4432    .data               tasks.o
    0x20000068   COMPRESSED   0x00000014   Data   RW         4727    .data               timers.o
    0x2000007c   COMPRESSED   0x00000020   Data   RW         5236    .data               heap_4.o
    0x2000009c   COMPRESSED   0x0000000c   Data   RW         5292    .data               port.o
    0x200000a8   COMPRESSED   0x00000010   Data   RW         5371    .data               bsp_can.o
    0x200000b8   COMPRESSED   0x00000074   Data   RW         5628    .data               led.o
    0x2000012c   COMPRESSED   0x00000004   Data   RW         5708    .data               mc_w.l(rand.o)
    0x20000130        -       0x000006a8   Zero   RW          271    .bss                freertos.o
    0x200007d8        -       0x00000050   Zero   RW          342    .bss                can.o
    0x20000828        -       0x00000058   Zero   RW          414    .bss                spi.o
    0x20000880        -       0x00000120   Zero   RW          460    .bss                tim.o
    0x200009a0        -       0x0000030c   Zero   RW          524    .bss                usart.o
    0x20000cac        -       0x00000048   Zero   RW          736    .bss                stm32f4xx_hal_timebase_tim.o
    0x20000cf4        -       0x00000040   Zero   RW         4069    .bss                queue.o
    0x20000d34        -       0x000000f0   Zero   RW         4431    .bss                tasks.o
    0x20000e24        -       0x000000e8   Zero   RW         4726    .bss                timers.o
    0x20000f0c        -       0x00003c00   Zero   RW         5235    .bss                heap_4.o
    0x20004b0c        -       0x00000058   Zero   RW         5370    .bss                bsp_can.o
    0x20004b64        -       0x00000064   Zero   RW         5438    .bss                bsp_usart.o
    0x20004bc8        -       0x0000001a   Zero   RW         5482    .bss                remote_control.o
    0x20004be2   COMPRESSED   0x00000002   PAD
    0x20004be4        -       0x00000900   Zero   RW         5517    .bss                pid.o
    0x200054e4        -       0x00000044   Zero   RW         5627    .bss                led.o
    0x20005528        -       0x00000400   Zero   RW            1    STACK               startup_stm32f407xx.o


==============================================================================

Image component sizes


      Code (inc. data)   RO Data    RW Data    ZI Data      Debug   Object Name

        80         22          0          0          0        916   all_task.o
       510         52          0         16         88       4469   bsp_can.o
       564         16          0          0        100       2770   bsp_usart.o
       496         44          0          4         80       2402   can.o
       142          0          0          0          0      22911   cmsis_os.o
       168          6          0          0          0        826   dma.o
         0          0          0          0          0      19924   event_groups.o
       216         40        160         24       1704       4918   freertos.o
       660         36          0          0          0       1347   gpio.o
       724         74          0         32      15360       4811   heap_4.o
      1932        184          0        116         68       5247   led.o
       148          0          0          0          0       3514   list.o
       280         10          0          0          0     742012   main.o
      1120         22          0          0       2304       6646   pid.o
      1014         92          0         12          0      11929   port.o
      1918         20          0          0         64      17200   queue.o
       204          0          0          0         26       2543   remote_control.o
       268         26          0          0         88       1709   spi.o
        36          8        392          0       1024        828   startup_stm32f407xx.o
        96         20          0          9          0       8022   stm32f4xx_hal.o
      2134          6          0          0          0      14123   stm32f4xx_hal_can.o
       252         22          0          0          0      33622   stm32f4xx_hal_cortex.o
      1392         16          8          0          0       6871   stm32f4xx_hal_dma.o
       528         46          0          0          0       2747   stm32f4xx_hal_gpio.o
        84          6          0          0          0        842   stm32f4xx_hal_msp.o
      1888         94          0          0          0       6193   stm32f4xx_hal_rcc.o
       200          0          0          0          0       1167   stm32f4xx_hal_spi.o
      2392        142          0          0          0      16184   stm32f4xx_hal_tim.o
       300         30          0          0          0       3269   stm32f4xx_hal_tim_ex.o
       180         18          0          0         72       1439   stm32f4xx_hal_timebase_tim.o
      1918         14          0          0          0       9420   stm32f4xx_hal_uart.o
       238         80          0          0          0       9170   stm32f4xx_it.o
         0          0          0          0          0        396   stream_buffer.o
        20          6         24          4          0       1103   system_stm32f4xx.o
      2858        348          0         60        240      27106   tasks.o
      1212         94          0          0        288       4861   tim.o
      1274        124          0         20        232      30499   timers.o
      1084         98          0          0        780       3630   usart.o

    ----------------------------------------------------------------------
     28562       1816        616        300      22520    1037586   Object Totals
         0          0         32          0          0          0   (incl. Generated)
        32          0          0          3          2          0   (incl. Padding)

    ----------------------------------------------------------------------

      Code (inc. data)   RO Data    RW Data    ZI Data      Debug   Library Member Name

        20          0          0          0          0        124   fabs.o
        86          0          0          0          0          0   __dczerorl2.o
         0          0          0          0          0          0   entry.o
         0          0          0          0          0          0   entry10a.o
         0          0          0          0          0          0   entry11a.o
         8          4          0          0          0          0   entry2.o
         4          0          0          0          0          0   entry5.o
         0          0          0          0          0          0   entry7b.o
         0          0          0          0          0          0   entry8b.o
         8          4          0          0          0          0   entry9a.o
        30          0          0          0          0          0   handlers.o
        36          8          0          0          0         68   init.o
         0          0          0          0          0          0   iusefp.o
        30          0          0          0          0         68   llshl.o
        32          0          0          0          0         68   llushr.o
        36          0          0          0          0         68   memcpya.o
        36          0          0          0          0        108   memseta.o
        36         10          0          4          0        136   rand.o
        98          0          0          0          0         92   uldiv.o
        48          0          0          0          0         68   cdrcmple.o
       186          0          0          0          0        176   depilogue.o
        26          0          0          0          0         76   dfltui.o
        38          0          0          0          0         68   f2d.o

    ----------------------------------------------------------------------
       762         26          0          4          0       1120   Library Totals
         4          0          0          0          0          0   (incl. Padding)

    ----------------------------------------------------------------------

      Code (inc. data)   RO Data    RW Data    ZI Data      Debug   Library Name

        20          0          0          0          0        124   m_wm.l
       440         26          0          4          0        608   mc_w.l
       298          0          0          0          0        388   mf_w.l

    ----------------------------------------------------------------------
       762         26          0          4          0       1120   Library Totals

    ----------------------------------------------------------------------

==============================================================================


      Code (inc. data)   RO Data    RW Data    ZI Data      Debug   

     29324       1842        616        304      22520    1016574   Grand Totals
     29324       1842        616         64      22520    1016574   ELF Image Totals (compressed)
     29324       1842        616         64          0          0   ROM Totals

==============================================================================

    Total RO  Size (Code + RO Data)                29940 (  29.24kB)
    Total RW  Size (RW Data + ZI Data)             22824 (  22.29kB)
    Total ROM Size (Code + RO Data + RW Data)      30004 (  29.30kB)

==============================================================================

